Component: ARM Compiler 5.06 update 7 (build 960) Tool: armlink [4d3601]

==============================================================================

Section Cross References

    startup_stm32f429xx.o(STACK) refers (Special) to heapauxi.o(.text) for __use_two_region_memory
    startup_stm32f429xx.o(HEAP) refers (Special) to heapauxi.o(.text) for __use_two_region_memory
    startup_stm32f429xx.o(RESET) refers (Special) to heapauxi.o(.text) for __use_two_region_memory
    startup_stm32f429xx.o(RESET) refers to startup_stm32f429xx.o(STACK) for __initial_sp
    startup_stm32f429xx.o(RESET) refers to startup_stm32f429xx.o(.text) for Reset_Handler
    startup_stm32f429xx.o(RESET) refers to stm32f4xx_it.o(i.NMI_Handler) for NMI_Handler
    startup_stm32f429xx.o(RESET) refers to stm32f4xx_it.o(i.HardFault_Handler) for HardFault_Handler
    startup_stm32f429xx.o(RESET) refers to stm32f4xx_it.o(i.MemManage_Handler) for MemManage_Handler
    startup_stm32f429xx.o(RESET) refers to stm32f4xx_it.o(i.BusFault_Handler) for BusFault_Handler
    startup_stm32f429xx.o(RESET) refers to stm32f4xx_it.o(i.UsageFault_Handler) for UsageFault_Handler
    startup_stm32f429xx.o(RESET) refers to port.o(.emb_text) for SVC_Handler
    startup_stm32f429xx.o(RESET) refers to stm32f4xx_it.o(i.DebugMon_Handler) for DebugMon_Handler
    startup_stm32f429xx.o(RESET) refers to cmsis_os2.o(i.SysTick_Handler) for SysTick_Handler
    startup_stm32f429xx.o(RESET) refers to stm32f4xx_it.o(i.DMA1_Stream1_IRQHandler) for DMA1_Stream1_IRQHandler
    startup_stm32f429xx.o(RESET) refers to stm32f4xx_it.o(i.TIM1_BRK_TIM9_IRQHandler) for TIM1_BRK_TIM9_IRQHandler
    startup_stm32f429xx.o(RESET) refers to stm32f4xx_it.o(i.TIM1_UP_TIM10_IRQHandler) for TIM1_UP_TIM10_IRQHandler
    startup_stm32f429xx.o(RESET) refers to stm32f4xx_it.o(i.TIM1_TRG_COM_TIM11_IRQHandler) for TIM1_TRG_COM_TIM11_IRQHandler
    startup_stm32f429xx.o(RESET) refers to stm32f4xx_it.o(i.TIM1_CC_IRQHandler) for TIM1_CC_IRQHandler
    startup_stm32f429xx.o(RESET) refers to stm32f4xx_it.o(i.TIM2_IRQHandler) for TIM2_IRQHandler
    startup_stm32f429xx.o(RESET) refers to stm32f4xx_it.o(i.OTG_HS_IRQHandler) for OTG_HS_IRQHandler
    startup_stm32f429xx.o(.text) refers (Special) to heapauxi.o(.text) for __use_two_region_memory
    startup_stm32f429xx.o(.text) refers to system_stm32f4xx.o(i.SystemInit) for SystemInit
    startup_stm32f429xx.o(.text) refers to __main.o(!!!main) for __main
    startup_stm32f429xx.o(.text) refers to startup_stm32f429xx.o(HEAP) for Heap_Mem
    startup_stm32f429xx.o(.text) refers to startup_stm32f429xx.o(STACK) for Stack_Mem
    dwin_transmit.o(i.Page_Change) refers to stm32f4xx_hal_uart.o(i.HAL_UART_Transmit) for HAL_UART_Transmit
    dwin_transmit.o(i.Page_Read) refers to stm32f4xx_hal_uart.o(i.HAL_UART_Transmit) for HAL_UART_Transmit
    dwin_transmit.o(i.Read_Int_2Bytes) refers to stm32f4xx_hal_uart.o(i.HAL_UART_Transmit) for HAL_UART_Transmit
    dwin_transmit.o(i.Reset_CPU) refers to stm32f4xx_hal_uart.o(i.HAL_UART_Transmit) for HAL_UART_Transmit
    dwin_transmit.o(i.Send_Int_2Bytes) refers to stm32f4xx_hal_uart.o(i.HAL_UART_Transmit) for HAL_UART_Transmit
    stm_tb6600.o(i.gettimer) refers to rt_memcpy_w.o(.text) for __aeabi_memcpy4
    stm_tb6600.o(i.tb6600_AngleMove) refers to stm32f4xx_hal_gpio.o(i.HAL_GPIO_WritePin) for HAL_GPIO_WritePin
    stm_tb6600.o(i.tb6600_AngleMove) refers to stm_tb6600.o(i.delay_us) for delay_us
    stm_tb6600.o(i.tb6600_AngleMove_tim) refers to dflt_clz.o(x$fpl$dfltu) for __aeabi_ui2d
    stm_tb6600.o(i.tb6600_AngleMove_tim) refers to dmul.o(x$fpl$dmul) for __aeabi_dmul
    stm_tb6600.o(i.tb6600_AngleMove_tim) refers to dfixu.o(x$fpl$dfixu) for __aeabi_d2uiz
    stm_tb6600.o(i.tb6600_AngleMove_tim) refers to stm32f4xx_hal_tim.o(i.HAL_TIM_PWM_Start) for HAL_TIM_PWM_Start
    stm_tb6600.o(i.tb6600_ChangeDirection) refers to stm32f4xx_hal_gpio.o(i.HAL_GPIO_WritePin) for HAL_GPIO_WritePin
    stm_tb6600.o(i.tb6600_Disable) refers to stm32f4xx_hal_gpio.o(i.HAL_GPIO_WritePin) for HAL_GPIO_WritePin
    stm_tb6600.o(i.tb6600_Enable) refers to stm32f4xx_hal_gpio.o(i.HAL_GPIO_WritePin) for HAL_GPIO_WritePin
    stm_tb6600.o(i.tb6600_ManualSpeed) refers to dflt_clz.o(x$fpl$dfltu) for __aeabi_ui2d
    stm_tb6600.o(i.tb6600_ManualSpeed) refers to pow.o(i.__hardfp_pow) for __hardfp_pow
    stm_tb6600.o(i.tb6600_ManualSpeed) refers to dmul.o(x$fpl$dmul) for __aeabi_dmul
    stm_tb6600.o(i.tb6600_ManualSpeed) refers to daddsub_clz.o(x$fpl$dsub) for __aeabi_dsub
    stm_tb6600.o(i.tb6600_ManualSpeed) refers to daddsub_clz.o(x$fpl$dadd) for __aeabi_dadd
    stm_tb6600.o(i.tb6600_ManualSpeed) refers to dfix.o(x$fpl$dfix) for __aeabi_d2iz
    stm_tb6600.o(i.tb6600_Movemm) refers to stm32f4xx_hal_gpio.o(i.HAL_GPIO_WritePin) for HAL_GPIO_WritePin
    stm_tb6600.o(i.tb6600_Movemm) refers to stm_tb6600.o(i.delay_us) for delay_us
    stm_tb6600.o(i.tb6600_Movemm_tim) refers to dflt_clz.o(x$fpl$dfltu) for __aeabi_ui2d
[...]
    HAL_TIM_Base_Init                        0x08003085   Thumb Code    90  stm32f4xx_hal_tim.o(i.HAL_TIM_Base_Init)
    HAL_TIM_Base_MspInit                     0x080030e1   Thumb Code   124  stm32f4xx_hal_msp.o(i.HAL_TIM_Base_MspInit)
    HAL_TIM_Base_Start_IT                    0x08003169   Thumb Code   100  stm32f4xx_hal_tim.o(i.HAL_TIM_Base_Start_IT)
    HAL_TIM_Base_Stop_IT                     0x080031e9   Thumb Code    48  stm32f4xx_hal_tim.o(i.HAL_TIM_Base_Stop_IT)
    HAL_TIM_ConfigClockSource                0x08003219   Thumb Code   220  stm32f4xx_hal_tim.o(i.HAL_TIM_ConfigClockSource)
    HAL_TIM_GenerateEvent                    0x080032f5   Thumb Code    38  stm32f4xx_hal_tim.o(i.HAL_TIM_GenerateEvent)
    HAL_TIM_IC_CaptureCallback               0x0800331b   Thumb Code     2  stm32f4xx_hal_tim.o(i.HAL_TIM_IC_CaptureCallback)
    HAL_TIM_IRQHandler                       0x0800331d   Thumb Code   304  stm32f4xx_hal_tim.o(i.HAL_TIM_IRQHandler)
    HAL_TIM_MspPostInit                      0x0800344d   Thumb Code    72  stm32f4xx_hal_msp.o(i.HAL_TIM_MspPostInit)
    HAL_TIM_OC_DelayElapsedCallback          0x080034a1   Thumb Code     2  stm32f4xx_hal_tim.o(i.HAL_TIM_OC_DelayElapsedCallback)
    HAL_TIM_PWM_ConfigChannel                0x080034a3   Thumb Code   204  stm32f4xx_hal_tim.o(i.HAL_TIM_PWM_ConfigChannel)
    HAL_TIM_PWM_Init                         0x0800356f   Thumb Code    90  stm32f4xx_hal_tim.o(i.HAL_TIM_PWM_Init)
    HAL_TIM_PWM_MspInit                      0x080035c9   Thumb Code     2  stm32f4xx_hal_tim.o(i.HAL_TIM_PWM_MspInit)
    HAL_TIM_PWM_PulseFinishedCallback        0x080035cb   Thumb Code     2  stm32f4xx_hal_tim.o(i.HAL_TIM_PWM_PulseFinishedCallback)
    HAL_TIM_PWM_Start                        0x080035cd   Thumb Code   172  stm32f4xx_hal_tim.o(i.HAL_TIM_PWM_Start)
    HAL_TIM_PWM_Stop                         0x08003695   Thumb Code   114  stm32f4xx_hal_tim.o(i.HAL_TIM_PWM_Stop)
    HAL_TIM_PeriodElapsedCallback            0x08003711   Thumb Code   150  main.o(i.HAL_TIM_PeriodElapsedCallback)
    HAL_TIM_TriggerCallback                  0x080037b5   Thumb Code     2  stm32f4xx_hal_tim.o(i.HAL_TIM_TriggerCallback)
    HAL_UART_Init                            0x080037b7   Thumb Code   100  stm32f4xx_hal_uart.o(i.HAL_UART_Init)
    HAL_UART_MspInit                         0x0800381d   Thumb Code   142  stm32f4xx_hal_msp.o(i.HAL_UART_MspInit)
    HardFault_Handler                        0x080038c1   Thumb Code     2  stm32f4xx_it.o(i.HardFault_Handler)
    MAX6675_ReadTemp                         0x080038fd   Thumb Code    74  main.o(i.MAX6675_ReadTemp)
    MAX6675_Read_Temp                        0x08003959   Thumb Code    74  main.o(i.MAX6675_Read_Temp)
    MX_USB_DEVICE_Init                       0x08003c3d   Thumb Code    66  usb_device.o(i.MX_USB_DEVICE_Init)
    MemManage_Handler                        0x08003c91   Thumb Code     2  stm32f4xx_it.o(i.MemManage_Handler)
    NMI_Handler                              0x08003c93   Thumb Code     2  stm32f4xx_it.o(i.NMI_Handler)
    OTG_HS_IRQHandler                        0x08003c95   Thumb Code     6  stm32f4xx_it.o(i.OTG_HS_IRQHandler)
    Reset_Timer                              0x08003e0f   Thumb Code    28  main.o(i.Reset_Timer)
    StartDefaultTask                         0x08003fb9   Thumb Code   388  main.o(i.StartDefaultTask)
    StartReset                               0x08004155   Thumb Code    82  main.o(i.StartReset)
    StartTempControl                         0x080041b9   Thumb Code    78  main.o(i.StartTempControl)
    StartTempRead                            0x08004215   Thumb Code    70  main.o(i.StartTempRead)
    StartUSB                                 0x0800426d   Thumb Code    56  main.o(i.StartUSB)
    StoreFlashByte                           0x080042a9   Thumb Code    98  main.o(i.StoreFlashByte)
    SysTick_Handler                          0x08004311   Thumb Code    26  cmsis_os2.o(i.SysTick_Handler)
    SystemClock_Config                       0x0800432d   Thumb Code   140  main.o(i.SystemClock_Config)
    SystemInit                               0x080043c1   Thumb Code    12  system_stm32f4xx.o(i.SystemInit)
    TIM1_BRK_TIM9_IRQHandler                 0x080043d1   Thumb Code     6  stm32f4xx_it.o(i.TIM1_BRK_TIM9_IRQHandler)
    TIM1_CC_IRQHandler                       0x080043dd   Thumb Code     6  stm32f4xx_it.o(i.TIM1_CC_IRQHandler)
    TIM1_TRG_COM_TIM11_IRQHandler            0x080043e9   Thumb Code     6  stm32f4xx_it.o(i.TIM1_TRG_COM_TIM11_IRQHandler)
    TIM1_UP_TIM10_IRQHandler                 0x080043f5   Thumb Code     6  stm32f4xx_it.o(i.TIM1_UP_TIM10_IRQHandler)
    TIM2_IRQHandler                          0x08004401   Thumb Code     6  stm32f4xx_it.o(i.TIM2_IRQHandler)
    TIM_Base_SetConfig                       0x0800440d   Thumb Code   170  stm32f4xx_hal_tim.o(i.TIM_Base_SetConfig)
    TIM_CCxChannelCmd                        0x080044e5   Thumb Code    26  stm32f4xx_hal_tim.o(i.TIM_CCxChannelCmd)
    TIM_ETR_SetConfig                        0x080044ff   Thumb Code    20  stm32f4xx_hal_tim.o(i.TIM_ETR_SetConfig)
    TIM_OC2_SetConfig                        0x08004585   Thumb Code    98  stm32f4xx_hal_tim.o(i.TIM_OC2_SetConfig)
    USBD_CDC_GetDeviceQualifierDescriptor    0x08004979   Thumb Code     8  usbd_cdc.o(i.USBD_CDC_GetDeviceQualifierDescriptor)
    USBD_CDC_ReceivePacket                   0x08004b55   Thumb Code    50  usbd_cdc.o(i.USBD_CDC_ReceivePacket)
    USBD_CDC_RegisterInterface               0x08004b8d   Thumb Code    22  usbd_cdc.o(i.USBD_CDC_RegisterInterface)
    USBD_CDC_SetRxBuffer                     0x08004ba3   Thumb Code    26  usbd_cdc.o(i.USBD_CDC_SetRxBuffer)
    USBD_CDC_SetTxBuffer                     0x08004bbd   Thumb Code    30  usbd_cdc.o(i.USBD_CDC_SetTxBuffer)
    USBD_CDC_TransmitPacket                  0x08004cb1   Thumb Code    76  usbd_cdc.o(i.USBD_CDC_TransmitPacket)
    USBD_ClrClassConfig                      0x08004d01   Thumb Code    20  usbd_core.o(i.USBD_ClrClassConfig)
    USBD_CoreFindEP                          0x08004d15   Thumb Code     4  usbd_core.o(i.USBD_CoreFindEP)
    USBD_CoreFindIF                          0x08004d19   Thumb Code     4  usbd_core.o(i.USBD_CoreFindIF)
    USBD_CtlContinueRx                       0x08004d1d   Thumb Code    16  usbd_ioreq.o(i.USBD_CtlContinueRx)
    USBD_CtlContinueSendData                 0x08004d2d   Thumb Code    16  usbd_ioreq.o(i.USBD_CtlContinueSendData)
    USBD_CtlError                            0x08004d3d   Thumb Code    22  usbd_ctlreq.o(i.USBD_CtlError)
    USBD_CtlPrepareRx                        0x08004d53   Thumb Code    30  usbd_ioreq.o(i.USBD_CtlPrepareRx)
    USBD_CtlReceiveStatus                    0x08004d71   Thumb Code    22  usbd_ioreq.o(i.USBD_CtlReceiveStatus)
    USBD_CtlSendData                         0x08004d87   Thumb Code    26  usbd_ioreq.o(i.USBD_CtlSendData)
    USBD_CtlSendStatus                       0x08004da1   Thumb Code    22  usbd_ioreq.o(i.USBD_CtlSendStatus)
    USBD_GetEpDesc                           0x08004e9d   Thumb Code    58  usbd_core.o(i.USBD_GetEpDesc)
    USBD_GetNextDesc                         0x08004eeb   Thumb Code    14  usbd_core.o(i.USBD_GetNextDesc)
    USBD_GetString                           0x08004ef9   Thumb Code    78  usbd_ctlreq.o(i.USBD_GetString)
    USBD_Get_USB_Status                      0x08004f47   Thumb Code    24  usbd_conf.o(i.USBD_Get_USB_Status)
    USBD_HS_ConfigStrDescriptor              0x08004f61   Thumb Code    16  usbd_desc.o(i.USBD_HS_ConfigStrDescriptor)
    USBD_HS_DeviceDescriptor                 0x08004f81   Thumb Code     8  usbd_desc.o(i.USBD_HS_DeviceDescriptor)
    USBD_HS_InterfaceStrDescriptor           0x08004f8d   Thumb Code    16  usbd_desc.o(i.USBD_HS_InterfaceStrDescriptor)
    USBD_HS_LangIDStrDescriptor              0x08004fb1   Thumb Code     8  usbd_desc.o(i.USBD_HS_LangIDStrDescriptor)
    USBD_HS_ManufacturerStrDescriptor        0x08004fbd   Thumb Code    16  usbd_desc.o(i.USBD_HS_ManufacturerStrDescriptor)
    USBD_HS_ProductStrDescriptor             0x08004fe5   Thumb Code    16  usbd_desc.o(i.USBD_HS_ProductStrDescriptor)
    USBD_HS_SerialStrDescriptor              0x08005011   Thumb Code    48  usbd_desc.o(i.USBD_HS_SerialStrDescriptor)
    USBD_Init                                0x08005049   Thumb Code    38  usbd_core.o(i.USBD_Init)
    USBD_LL_ClearStallEP                     0x0800506f   Thumb Code    18  usbd_conf.o(i.USBD_LL_ClearStallEP)
    USBD_LL_CloseEP                          0x08005081   Thumb Code    18  usbd_conf.o(i.USBD_LL_CloseEP)
    USBD_LL_DataInStage                      0x08005093   Thumb Code   182  usbd_core.o(i.USBD_LL_DataInStage)
    USBD_LL_DataOutStage                     0x08005149   Thumb Code   142  usbd_core.o(i.USBD_LL_DataOutStage)
    USBD_LL_DevConnected                     0x080051d7   Thumb Code     4  usbd_core.o(i.USBD_LL_DevConnected)
    USBD_LL_DevDisconnected                  0x080051db   Thumb Code    30  usbd_core.o(i.USBD_LL_DevDisconnected)
    USBD_LL_GetRxDataSize                    0x080051f9   Thumb Code     8  usbd_conf.o(i.USBD_LL_GetRxDataSize)
    USBD_LL_Init                             0x08005201   Thumb Code    96  usbd_conf.o(i.USBD_LL_Init)
    USBD_LL_IsStallEP                        0x08005269   Thumb Code    30  usbd_conf.o(i.USBD_LL_IsStallEP)
    USBD_LL_IsoINIncomplete                  0x08005287   Thumb Code    40  usbd_core.o(i.USBD_LL_IsoINIncomplete)
    USBD_LL_IsoOUTIncomplete                 0x080052af   Thumb Code    40  usbd_core.o(i.USBD_LL_IsoOUTIncomplete)
    USBD_LL_OpenEP                           0x080052d7   Thumb Code    24  usbd_conf.o(i.USBD_LL_OpenEP)
    USBD_LL_PrepareReceive                   0x080052ef   Thumb Code    18  usbd_conf.o(i.USBD_LL_PrepareReceive)
    USBD_LL_Reset                            0x08005301   Thumb Code    92  usbd_core.o(i.USBD_LL_Reset)
    USBD_LL_Resume                           0x0800535d   Thumb Code    20  usbd_core.o(i.USBD_LL_Resume)
    USBD_LL_SOF                              0x08005371   Thumb Code    26  usbd_core.o(i.USBD_LL_SOF)
    USBD_LL_SetSpeed                         0x0800538b   Thumb Code     6  usbd_core.o(i.USBD_LL_SetSpeed)
    USBD_LL_SetUSBAddress                    0x08005391   Thumb Code    18  usbd_conf.o(i.USBD_LL_SetUSBAddress)
    USBD_LL_SetupStage                       0x080053a3   Thumb Code    96  usbd_core.o(i.USBD_LL_SetupStage)
    USBD_LL_StallEP                          0x08005403   Thumb Code    18  usbd_conf.o(i.USBD_LL_StallEP)
    USBD_LL_Start                            0x08005415   Thumb Code    18  usbd_conf.o(i.USBD_LL_Start)
    USBD_LL_Suspend                          0x08005427   Thumb Code    26  usbd_core.o(i.USBD_LL_Suspend)
    USBD_LL_Transmit                         0x08005441   Thumb Code    18  usbd_conf.o(i.USBD_LL_Transmit)
    USBD_ParseSetupRequest                   0x08005453   Thumb Code    44  usbd_ctlreq.o(i.USBD_ParseSetupRequest)
    USBD_RegisterClass                       0x0800547f   Thumb Code    58  usbd_core.o(i.USBD_RegisterClass)
    USBD_SetClassConfig                      0x080054b9   Thumb Code    20  usbd_core.o(i.USBD_SetClassConfig)
    USBD_Start                               0x08005585   Thumb Code     4  usbd_core.o(i.USBD_Start)
    USBD_StdDevReq                           0x08005589   Thumb Code   300  usbd_ctlreq.o(i.USBD_StdDevReq)
    USBD_StdEPReq                            0x080056b5   Thumb Code   352  usbd_ctlreq.o(i.USBD_StdEPReq)
    USBD_StdItfReq                           0x08005815   Thumb Code   114  usbd_ctlreq.o(i.USBD_StdItfReq)
    USBD_static_free                         0x08005887   Thumb Code     2  usbd_conf.o(i.USBD_static_free)
    USBD_static_malloc                       0x08005889   Thumb Code     4  usbd_conf.o(i.USBD_static_malloc)
    USB_ActivateEndpoint                     0x08005891   Thumb Code   122  stm32f4xx_ll_usb.o(i.USB_ActivateEndpoint)
    USB_ActivateSetup                        0x08005911   Thumb Code    28  stm32f4xx_ll_usb.o(i.USB_ActivateSetup)
    USB_CoreInit                             0x0800592d   Thumb Code   126  stm32f4xx_ll_usb.o(i.USB_CoreInit)
    USB_DeactivateEndpoint                   0x080059ed   Thumb Code   194  stm32f4xx_ll_usb.o(i.USB_DeactivateEndpoint)
    USB_DevConnect                           0x08005ab9   Thumb Code    28  stm32f4xx_ll_usb.o(i.USB_DevConnect)
    USB_DevDisconnect                        0x08005ad5   Thumb Code    28  stm32f4xx_ll_usb.o(i.USB_DevDisconnect)
    USB_DevInit                              0x08005af1   Thumb Code   370  stm32f4xx_ll_usb.o(i.USB_DevInit)
    USB_DisableGlobalInt                     0x08005c6d   Thumb Code    12  stm32f4xx_ll_usb.o(i.USB_DisableGlobalInt)
    USB_EP0_OutStart                         0x08005c79   Thumb Code    84  stm32f4xx_ll_usb.o(i.USB_EP0_OutStart)
    USB_EPClearStall                         0x08005cd1   Thumb Code    88  stm32f4xx_ll_usb.o(i.USB_EPClearStall)
    USB_EPSetStall                           0x08005d29   Thumb Code    88  stm32f4xx_ll_usb.o(i.USB_EPSetStall)
    USB_EPStartXfer                          0x08005d81   Thumb Code   562  stm32f4xx_ll_usb.o(i.USB_EPStartXfer)
    USB_EPStopXfer                           0x08005fb9   Thumb Code   158  stm32f4xx_ll_usb.o(i.USB_EPStopXfer)
    USB_EnableGlobalInt                      0x08006057   Thumb Code    12  stm32f4xx_ll_usb.o(i.USB_EnableGlobalInt)
    USB_FlushRxFifo                          0x08006063   Thumb Code    56  stm32f4xx_ll_usb.o(i.USB_FlushRxFifo)
    USB_FlushTxFifo                          0x0800609b   Thumb Code    60  stm32f4xx_ll_usb.o(i.USB_FlushTxFifo)
    USB_GetDevSpeed                          0x080060d7   Thumb Code    26  stm32f4xx_ll_usb.o(i.USB_GetDevSpeed)
    USB_GetMode                              0x080060f1   Thumb Code     8  stm32f4xx_ll_usb.o(i.USB_GetMode)
    USB_ReadDevAllInEpInterrupt              0x080060f9   Thumb Code    14  stm32f4xx_ll_usb.o(i.USB_ReadDevAllInEpInterrupt)
    USB_ReadDevAllOutEpInterrupt             0x08006107   Thumb Code    14  stm32f4xx_ll_usb.o(i.USB_ReadDevAllOutEpInterrupt)
    USB_ReadDevInEPInterrupt                 0x08006115   Thumb Code    36  stm32f4xx_ll_usb.o(i.USB_ReadDevInEPInterrupt)
    USB_ReadDevOutEPInterrupt                0x08006139   Thumb Code    16  stm32f4xx_ll_usb.o(i.USB_ReadDevOutEPInterrupt)
    USB_ReadInterrupts                       0x08006149   Thumb Code     8  stm32f4xx_ll_usb.o(i.USB_ReadInterrupts)
    USB_ReadPacket                           0x08006151   Thumb Code    62  stm32f4xx_ll_usb.o(i.USB_ReadPacket)
    USB_SetCurrentMode                       0x0800618f   Thumb Code    92  stm32f4xx_ll_usb.o(i.USB_SetCurrentMode)
    USB_SetDevAddress                        0x080061eb   Thumb Code    34  stm32f4xx_ll_usb.o(i.USB_SetDevAddress)
    USB_SetTurnaroundTime                    0x0800620d   Thumb Code   158  stm32f4xx_ll_usb.o(i.USB_SetTurnaroundTime)
    USB_WritePacket                          0x080062f5   Thumb Code    40  stm32f4xx_ll_usb.o(i.USB_WritePacket)
    UsageFault_Handler                       0x0800631d   Thumb Code     2  stm32f4xx_it.o(i.UsageFault_Handler)
    Usb_Receive_Check                        0x08006321   Thumb Code   156  main.o(i.Usb_Receive_Check)
    main                                     0x080063f5   Thumb Code   354  main.o(i.main)
    osDelay                                  0x0800658d   Thumb Code    26  cmsis_os2.o(i.osDelay)
    osKernelInitialize                       0x080065a9   Thumb Code    32  cmsis_os2.o(i.osKernelInitialize)
    osKernelStart                            0x080065cd   Thumb Code    48  cmsis_os2.o(i.osKernelStart)
    osThreadFlagsSet                         0x08006605   Thumb Code   110  cmsis_os2.o(i.osThreadFlagsSet)
    osThreadFlagsWait                        0x08006679   Thumb Code   150  cmsis_os2.o(i.osThreadFlagsWait)
    osThreadNew                              0x08006711   Thumb Code   138  cmsis_os2.o(i.osThreadNew)
    pvPortMalloc                             0x08006f31   Thumb Code   216  heap_4.o(i.pvPortMalloc)
    pxPortInitialiseStack                    0x0800700d   Thumb Code    40  port.o(i.pxPortInitialiseStack)
    tb6600_ChangeDirection                   0x08007039   Thumb Code    32  stm_tb6600.o(i.tb6600_ChangeDirection)
    tb6600_Disable                           0x08007059   Thumb Code    12  stm_tb6600.o(i.tb6600_Disable)
    tb6600_Enable                            0x08007065   Thumb Code    12  stm_tb6600.o(i.tb6600_Enable)
    tb6600_Movemm_tim                        0x08007071   Thumb Code   140  stm_tb6600.o(i.tb6600_Movemm_tim)
    tb6600_Movemm_tim_1                      0x08007119   Thumb Code   114  stm_tb6600.o(i.tb6600_Movemm_tim_1)
    tb6600_Set                               0x08007199   Thumb Code    60  stm_tb6600.o(i.tb6600_Set)
    tb6600_Stop_tim                          0x080071d5   Thumb Code     8  stm_tb6600.o(i.tb6600_Stop_tim)
    tb6600_ToggleDirection                   0x080071dd   Thumb Code    10  stm_tb6600.o(i.tb6600_ToggleDirection)
    tb6600_init_tim                          0x080071e7   Thumb Code   100  stm_tb6600.o(i.tb6600_init_tim)
    uxListRemove                             0x0800724b   Thumb Code    38  list.o(i.uxListRemove)
    vApplicationGetIdleTaskMemory            0x08007271   Thumb Code    16  cmsis_os2.o(i.vApplicationGetIdleTaskMemory)
    vApplicationGetTimerTaskMemory           0x08007285   Thumb Code    18  cmsis_os2.o(i.vApplicationGetTimerTaskMemory)
    vListInitialise                          0x0800729d   Thumb Code    22  list.o(i.vListInitialise)
    vListInitialiseItem                      0x080072b3   Thumb Code     6  list.o(i.vListInitialiseItem)
    vListInsert                              0x080072b9   Thumb Code    48  list.o(i.vListInsert)
    vListInsertEnd                           0x080072e9   Thumb Code    24  list.o(i.vListInsertEnd)
    vPortEnterCritical                       0x08007301   Thumb Code    54  port.o(i.vPortEnterCritical)
    vPortExitCritical                        0x08007341   Thumb Code    34  port.o(i.vPortExitCritical)
    vPortFree                                0x08007369   Thumb Code    94  heap_4.o(i.vPortFree)
    vPortSetupTimerInterrupt                 0x080073cd   Thumb Code    32  port.o(i.vPortSetupTimerInterrupt)
    vPortValidateInterruptPriority           0x080073f1   Thumb Code    74  port.o(i.vPortValidateInterruptPriority)
    vQueueAddToRegistry                      0x08007445   Thumb Code    34  queue.o(i.vQueueAddToRegistry)
    vQueueWaitForMessageRestricted           0x0800746d   Thumb Code    68  queue.o(i.vQueueWaitForMessageRestricted)
    vTaskDelay                               0x080074b1   Thumb Code    66  tasks.o(i.vTaskDelay)
    vTaskDelete                              0x080074fd   Thumb Code   130  tasks.o(i.vTaskDelete)
    vTaskInternalSetTimeOutState             0x0800758d   Thumb Code    12  tasks.o(i.vTaskInternalSetTimeOutState)
    vTaskMissedYield                         0x0800759d   Thumb Code     8  tasks.o(i.vTaskMissedYield)
    vTaskPlaceOnEventList                    0x080075a9   Thumb Code    44  tasks.o(i.vTaskPlaceOnEventList)
    vTaskPlaceOnEventListRestricted          0x080075d9   Thumb Code    52  tasks.o(i.vTaskPlaceOnEventListRestricted)
    vTaskStartScheduler                      0x08007611   Thumb Code   118  tasks.o(i.vTaskStartScheduler)
    vTaskSuspend                             0x08007699   Thumb Code   144  tasks.o(i.vTaskSuspend)
    vTaskSuspendAll                          0x08007735   Thumb Code    10  tasks.o(i.vTaskSuspendAll)
    vTaskSwitchContext                       0x08007745   Thumb Code    90  tasks.o(i.vTaskSwitchContext)
    xPortStartScheduler                      0x080077a9   Thumb Code   222  port.o(i.xPortStartScheduler)
    xPortSysTickHandler                      0x0800789d   Thumb Code    38  port.o(i.xPortSysTickHandler)
    xQueueGenericCreateStatic                0x080078c9   Thumb Code   102  queue.o(i.xQueueGenericCreateStatic)
    xQueueGenericReset                       0x08007931   Thumb Code   132  queue.o(i.xQueueGenericReset)
    xQueueGenericSend                        0x080079b9   Thumb Code   346  queue.o(i.xQueueGenericSend)
    xQueueGenericSendFromISR                 0x08007b19   Thumb Code   190  queue.o(i.xQueueGenericSendFromISR)
    xQueueReceive                            0x08007bd9   Thumb Code   308  queue.o(i.xQueueReceive)
    xTaskCheckForTimeOut                     0x08007d11   Thumb Code   112  tasks.o(i.xTaskCheckForTimeOut)
    xTaskCreate                              0x08007d85   Thumb Code    90  tasks.o(i.xTaskCreate)
    xTaskCreateStatic                        0x08007ddf   Thumb Code    86  tasks.o(i.xTaskCreateStatic)
    xTaskGenericNotify                       0x08007e35   Thumb Code   210  tasks.o(i.xTaskGenericNotify)
    xTaskGenericNotifyFromISR                0x08007f15   Thumb Code   246  tasks.o(i.xTaskGenericNotifyFromISR)
    xTaskGetSchedulerState                   0x08008019   Thumb Code    22  tasks.o(i.xTaskGetSchedulerState)
    xTaskGetTickCount                        0x08008035   Thumb Code     6  tasks.o(i.xTaskGetTickCount)
    xTaskIncrementTick                       0x08008041   Thumb Code   192  tasks.o(i.xTaskIncrementTick)
    xTaskNotifyWait                          0x08008109   Thumb Code   130  tasks.o(i.xTaskNotifyWait)
    xTaskPriorityDisinherit                  0x08008195   Thumb Code   118  tasks.o(i.xTaskPriorityDisinherit)
    xTaskRemoveFromEventList                 0x08008215   Thumb Code    98  tasks.o(i.xTaskRemoveFromEventList)
    xTaskResumeAll                           0x08008285   Thumb Code   182  tasks.o(i.xTaskResumeAll)
    xTimerCreateTimerTask                    0x08008349   Thumb Code    78  timers.o(i.xTimerCreateTimerTask)
    xTimerGenericCommand                     0x080083a9   Thumb Code    98  timers.o(i.xTimerGenericCommand)
    _get_lc_ctype                            0x08008411   Thumb Code    44  lc_ctype_c.o(locale$$code)
    __aeabi_d2f                              0x0800843d   Thumb Code     0  d2f.o(x$fpl$d2f)
    _d2f                                     0x0800843d   Thumb Code    98  d2f.o(x$fpl$d2f)
    __aeabi_ddiv                             0x080084a1   Thumb Code     0  ddiv.o(x$fpl$ddiv)
    _ddiv                                    0x080084a1   Thumb Code   552  ddiv.o(x$fpl$ddiv)
    __aeabi_d2uiz                            0x08008751   Thumb Code     0  dfixu.o(x$fpl$dfixu)
    _dfixu                                   0x08008751   Thumb Code    90  dfixu.o(x$fpl$dfixu)
    __aeabi_i2d                              0x080087ab   Thumb Code     0  dflt_clz.o(x$fpl$dflt)
    _dflt                                    0x080087ab   Thumb Code    46  dflt_clz.o(x$fpl$dflt)
    __aeabi_ui2d                             0x080087d9   Thumb Code     0  dflt_clz.o(x$fpl$dfltu)
    _dfltu                                   0x080087d9   Thumb Code    38  dflt_clz.o(x$fpl$dfltu)
    __aeabi_dmul                             0x08008801   Thumb Code     0  dmul.o(x$fpl$dmul)
    _dmul                                    0x08008801   Thumb Code   332  dmul.o(x$fpl$dmul)
    __fpl_dnaninf                            0x08008955   Thumb Code   156  dnaninf.o(x$fpl$dnaninf)
    __fpl_dretinf                            0x080089f1   Thumb Code    12  dretinf.o(x$fpl$dretinf)
    __aeabi_f2d                              0x080089fd   Thumb Code     0  f2d.o(x$fpl$f2d)
    _f2d                                     0x080089fd   Thumb Code    86  f2d.o(x$fpl$f2d)
    __fpl_fnaninf                            0x08008a53   Thumb Code   140  fnaninf.o(x$fpl$fnaninf)
    _fp_init                                 0x08008adf   Thumb Code    10  fpinit.o(x$fpl$fpinit)
    __fplib_config_fpu_vfp                   0x08008ae7   Thumb Code     0  fpinit.o(x$fpl$fpinit)
    __fplib_config_pureend_doubles           0x08008ae7   Thumb Code     0  fpinit.o(x$fpl$fpinit)
    __fpl_fretinf                            0x08008ae9   Thumb Code    10  fretinf.o(x$fpl$fretinf)
    __I$use$fp                               0x08008af2   Number         0  usenofp.o(x$fpl$usenofp)
    defaultTask_attributes                   0x08008af4   Data          36  main.o(.constdata)
    TempControl_attributes                   0x08008b18   Data          36  main.o(.constdata)
    TempRead_attributes                      0x08008b3c   Data          36  main.o(.constdata)
    Reset_attributes                         0x08008b60   Data          36  main.o(.constdata)
    USB_attributes                           0x08008b84   Data          36  main.o(.constdata)
    AHBPrescTable                            0x08008bd4   Data          16  system_stm32f4xx.o(.constdata)
    APBPrescTable                            0x08008be4   Data           8  system_stm32f4xx.o(.constdata)
    Region$$Table$$Base                      0x08008c94   Number         0  anon$$obj.o(Region$$Table)
    Region$$Table$$Limit                     0x08008cb4   Number         0  anon$$obj.o(Region$$Table)
    __ctype                                  0x08008cc1   Data           0  lc_ctype_c.o(locale$$data)
    Stop_Process                             0x20000000   Data           1  main.o(.data)
    Start_Process                            0x20000001   Data           1  main.o(.data)
    Manual                                   0x20000002   Data           1  main.o(.data)
    check                                    0x20000003   Data           1  main.o(.data)
    xTemp                                    0x20000004   Data           1  main.o(.data)
    xMM                                      0x20000005   Data           1  main.o(.data)
    xSpeed                                   0x20000006   Data           1  main.o(.data)
    Temp                                     0x20000008   Data           2  main.o(.data)
    Temp_Set                                 0x2000000a   Data           2  main.o(.data)
    Temp_0                                   0x2000000c   Data           2  main.o(.data)
    Temp_1                                   0x2000000e   Data           2  main.o(.data)
    Temp_Get                                 0x20000010   Data           2  main.o(.data)
    Mm                                       0x20000012   Data           2  main.o(.data)
    mSpeed                                   0x20000014   Data           2  main.o(.data)
    pCount                                   0x20000018   Data           4  main.o(.data)
    tf                                       0x2000001c   Data           4  main.o(.data)
    defaultTaskHandle                        0x20000020   Data           4  main.o(.data)
    TempControlHandle                        0x20000024   Data           4  main.o(.data)
    TempReadHandle                           0x20000028   Data           4  main.o(.data)
    ResetHandle                              0x2000002c   Data           4  main.o(.data)
    USBHandle                                0x20000030   Data           4  main.o(.data)
    mCount                                   0x20000034   Data           4  main.o(.data)
    cCount                                   0x20000038   Data           4  main.o(.data)
    Calculate                                0x2000003c   Data           4  main.o(.data)
    inc1                                     0x20000040   Data           4  main.o(.data)
    Page                                     0x20000044   Data           4  main.o(.data)
    Func                                     0x20000048   Data           4  main.o(.data)
    Data                                     0x2000004c   Data           4  main.o(.data)
    Dist                                     0x20000050   Data           8  main.o(.data)
    Return_Buf                               0x20000058   Data          40  main.o(.data)
    uwTickFreq                               0x20000080   Data           1  stm32f4xx_hal.o(.data)
    uwTickPrio                               0x20000084   Data           4  stm32f4xx_hal.o(.data)
    uwTick                                   0x20000088   Data           4  stm32f4xx_hal.o(.data)
    SystemCoreClock                          0x2000008c   Data           4  system_stm32f4xx.o(.data)
    pxCurrentTCB                             0x20000090   Data           4  tasks.o(.data)
    HS_Desc                                  0x20000110   Data          28  usbd_desc.o(.data)
    USBD_LangIDDesc                          0x2000012c   Data           4  usbd_desc.o(.data)
    USBD_HS_DeviceDesc                       0x20000130   Data          18  usbd_desc.o(.data)
    USBD_StringSerial                        0x20000144   Data          26  usbd_desc.o(.data)
    USBD_Interface_fops_HS                   0x20000160   Data          20  usbd_cdc_if.o(.data)
    USBD_CDC                                 0x200001cc   Data          56  usbd_cdc.o(.data)
    hspi1                                    0x20000204   Data          88  main.o(.bss)
    htim1                                    0x2000025c   Data          72  main.o(.bss)
    htim5                                    0x200002a4   Data          72  main.o(.bss)
    huart3                                   0x200002ec   Data          72  main.o(.bss)
    motor                                    0x20000334   Data         120  main.o(.bss)
    buff                                     0x200003ac   Data          20  main.o(.bss)
    hdma_usart3_rx                           0x200003c0   Data          96  main.o(.bss)
    htim2                                    0x20000420   Data          72  stm32f4xx_hal_timebase_tim.o(.bss)
    pFlash                                   0x20000468   Data          32  stm32f4xx_hal_flash.o(.bss)
    xQueueRegistry                           0x20000488   Data          64  queue.o(.bss)
    hUsbDeviceHS                             0x20004d5c   Data         732  usb_device.o(.bss)
    USBD_StrDesc                             0x20005038   Data         512  usbd_desc.o(.bss)
    UserRxBufferHS                           0x20005238   Data        2048  usbd_cdc_if.o(.bss)
    UserTxBufferHS                           0x20005a38   Data        2048  usbd_cdc_if.o(.bss)
    hpcd_USB_OTG_HS                          0x20006458   Data        1252  usbd_conf.o(.bss)
    __libspace_start                         0x2000693c   Data          96  libspace.o(.bss)
    __temporary_stack_top$libspace           0x2000699c   Data           0  libspace.o(.bss)



==============================================================================

Memory Map of the image

  Image Entry point : 0x080001ad

  Load Region LR_IROM1 (Base: 0x08000000, Size: 0x00008fc8, Max: 0x00200000, ABSOLUTE, COMPRESSED[0x00008ea4])

    Execution Region ER_IROM1 (Exec base: 0x08000000, Load base: 0x08000000, Size: 0x00008dc4, Max: 0x00200000, ABSOLUTE)

    Exec Addr    Load Addr    Size         Type   Attr      Idx    E Section Name        Object

    0x08000000   0x08000000   0x000001ac   Data   RO            3    RESET               startup_stm32f429xx.o
    0x080001ac   0x080001ac   0x00000008   Code   RO         6998  * !!!main             c_w.l(__main.o)
    0x080001b4   0x080001b4   0x00000034   Code   RO         7315    !!!scatter          c_w.l(__scatter.o)
    0x080001e8   0x080001e8   0x0000005a   Code   RO         7313    !!dczerorl2         c_w.l(__dczerorl2.o)
    0x08000242   0x08000242   0x00000002   PAD
    0x08000244   0x08000244   0x0000001c   Code   RO         7317    !!handler_zi        c_w.l(__scatter_zi.o)
    0x08000260   0x08000260   0x00000000   Code   RO         6975    .ARM.Collect$$_printf_percent$$00000000  c_w.l(_printf_percent.o)
    0x08000260   0x08000260   0x00000006   Code   RO         6974    .ARM.Collect$$_printf_percent$$00000009  c_w.l(_printf_d.o)
    0x08000266   0x08000266   0x00000004   Code   RO         7057    .ARM.Collect$$_printf_percent$$00000017  c_w.l(_printf_percent_end.o)
    0x0800026a   0x0800026a   0x00000002   Code   RO         7168    .ARM.Collect$$libinit$$00000000  c_w.l(libinit.o)
    0x0800026c   0x0800026c   0x00000004   Code   RO         7189    .ARM.Collect$$libinit$$00000001  c_w.l(libinit2.o)
    0x08000270   0x08000270   0x00000000   Code   RO         7192    .ARM.Collect$$libinit$$00000004  c_w.l(libinit2.o)
    0x08000270   0x08000270   0x00000000   Code   RO         7195    .ARM.Collect$$libinit$$0000000A  c_w.l(libinit2.o)
    0x08000270   0x08000270   0x00000000   Code   RO         7197    .ARM.Collect$$libinit$$0000000C  c_w.l(libinit2.o)
    0x08000270   0x08000270   0x00000000   Code   RO         7199    .ARM.Collect$$libinit$$0000000E  c_w.l(libinit2.o)
    0x08000270   0x08000270   0x00000006   Code   RO         7200    .ARM.Collect$$libinit$$0000000F  c_w.l(libinit2.o)
    0x08000276   0x08000276   0x00000000   Code   RO         7202    .ARM.Collect$$libinit$$00000011  c_w.l(libinit2.o)
    0x08000276   0x08000276   0x0000000c   Code   RO         7203    .ARM.Collect$$libinit$$00000012  c_w.l(libinit2.o)
    0x08000282   0x08000282   0x00000000   Code   RO         7204    .ARM.Collect$$libinit$$00000013  c_w.l(libinit2.o)
    0x08000282   0x08000282   0x00000000   Code   RO         7206    .ARM.Collect$$libinit$$00000015  c_w.l(libinit2.o)
    0x08000282   0x08000282   0x00000000   Code   RO         7208    .ARM.Collect$$libinit$$00000017  c_w.l(libinit2.o)
    0x08000282   0x08000282   0x00000000   Code   RO         7210    .ARM.Collect$$libinit$$00000019  c_w.l(libinit2.o)
    0x08000282   0x08000282   0x00000000   Code   RO         7212    .ARM.Collect$$libinit$$0000001B  c_w.l(libinit2.o)
    0x08000282   0x08000282   0x00000000   Code   RO         7214    .ARM.Collect$$libinit$$0000001D  c_w.l(libinit2.o)
    0x08000282   0x08000282   0x00000000   Code   RO         7216    .ARM.Collect$$libinit$$0000001F  c_w.l(libinit2.o)
    0x08000282   0x08000282   0x00000000   Code   RO         7218    .ARM.Collect$$libinit$$00000021  c_w.l(libinit2.o)
    0x08000282   0x08000282   0x00000000   Code   RO         7220    .ARM.Collect$$libinit$$00000023  c_w.l(libinit2.o)
    0x08000282   0x08000282   0x00000000   Code   RO         7222    .ARM.Collect$$libinit$$00000025  c_w.l(libinit2.o)
    0x08000282   0x08000282   0x00000000   Code   RO         7226    .ARM.Collect$$libinit$$0000002C  c_w.l(libinit2.o)
    0x08000282   0x08000282   0x00000000   Code   RO         7228    .ARM.Collect$$libinit$$0000002E  c_w.l(libinit2.o)
    0x08000282   0x08000282   0x00000000   Code   RO         7230    .ARM.Collect$$libinit$$00000030  c_w.l(libinit2.o)
    0x08000282   0x08000282   0x00000000   Code   RO         7232    .ARM.Collect$$libinit$$00000032  c_w.l(libinit2.o)
    0x08000282   0x08000282   0x00000002   Code   RO         7233    .ARM.Collect$$libinit$$00000033  c_w.l(libinit2.o)
    0x08000284   0x08000284   0x00000002   Code   RO         7268    .ARM.Collect$$libshutdown$$00000000  c_w.l(libshutdown.o)
    0x08000286   0x08000286   0x00000000   Code   RO         7294    .ARM.Collect$$libshutdown$$00000002  c_w.l(libshutdown2.o)
    0x08000286   0x08000286   0x00000000   Code   RO         7296    .ARM.Collect$$libshutdown$$00000004  c_w.l(libshutdown2.o)
    0x08000286   0x08000286   0x00000000   Code   RO         7298    .ARM.Collect$$libshutdown$$00000006  c_w.l(libshutdown2.o)
    0x08000286   0x08000286   0x00000000   Code   RO         7301    .ARM.Collect$$libshutdown$$00000009  c_w.l(libshutdown2.o)
    0x08000286   0x08000286   0x00000000   Code   RO         7304    .ARM.Collect$$libshutdown$$0000000C  c_w.l(libshutdown2.o)
    0x08000286   0x08000286   0x00000000   Code   RO         7306    .ARM.Collect$$libshutdown$$0000000E  c_w.l(libshutdown2.o)
    0x08000286   0x08000286   0x00000000   Code   RO         7309    .ARM.Collect$$libshutdown$$00000011  c_w.l(libshutdown2.o)
    0x08000286   0x08000286   0x00000002   Code   RO         7310    .ARM.Collect$$libshutdown$$00000012  c_w.l(libshutdown2.o)
    0x08000288   0x08000288   0x00000000   Code   RO         7044    .ARM.Collect$$rtentry$$00000000  c_w.l(__rtentry.o)
    0x08000288   0x08000288   0x00000000   Code   RO         7117    .ARM.Collect$$rtentry$$00000002  c_w.l(__rtentry2.o)
    0x08000288   0x08000288   0x00000006   Code   RO         7129    .ARM.Collect$$rtentry$$00000004  c_w.l(__rtentry4.o)
    0x0800028e   0x0800028e   0x00000000   Code   RO         7119    .ARM.Collect$$rtentry$$00000009  c_w.l(__rtentry2.o)
    0x0800028e   0x0800028e   0x00000004   Code   RO         7120    .ARM.Collect$$rtentry$$0000000A  c_w.l(__rtentry2.o)
    0x08000292   0x08000292   0x00000000   Code   RO         7122    .ARM.Collect$$rtentry$$0000000C  c_w.l(__rtentry2.o)
    0x08000292   0x08000292   0x00000008   Code   RO         7123    .ARM.Collect$$rtentry$$0000000D  c_w.l(__rtentry2.o)
    0x0800029a   0x0800029a   0x00000002   Code   RO         7173    .ARM.Collect$$rtexit$$00000000  c_w.l(rtexit.o)
    0x0800029c   0x0800029c   0x00000000   Code   RO         7239    .ARM.Collect$$rtexit$$00000002  c_w.l(rtexit2.o)
    0x0800029c   0x0800029c   0x00000004   Code   RO         7240    .ARM.Collect$$rtexit$$00000003  c_w.l(rtexit2.o)
    0x080002a0   0x080002a0   0x00000006   Code   RO         7241    .ARM.Collect$$rtexit$$00000004  c_w.l(rtexit2.o)
    0x080002a6   0x080002a6   0x00000002   PAD
    0x080002a8   0x080002a8   0x000000be   Code   RO         6081    .emb_text           port.o
    0x08000366   0x08000366   0x00000002   PAD
    0x08000368   0x08000368   0x00000040   Code   RO            4    .text               startup_stm32f429xx.o
    0x080003a8   0x080003a8   0x000000ee   Code   RO         6944    .text               c_w.l(lludivv7m.o)
    0x08000496   0x08000496   0x00000002   PAD
    0x08000498   0x08000498   0x00000028   Code   RO         6948    .text               c_w.l(noretval__2sprintf.o)
    0x080004c0   0x080004c0   0x00000068   Code   RO         6950    .text               c_w.l(__printf.o)
    0x08000528   0x08000528   0x00000078   Code   RO         6952    .text               c_w.l(_printf_dec.o)
    0x080005a0   0x080005a0   0x0000003c   Code   RO         6976    .text               c_w.l(__0sscanf.o)
    0x080005dc   0x080005dc   0x0000014c   Code   RO         6978    .text               c_w.l(_scanf_int.o)
    0x08000728   0x08000728   0x000000e0   Code   RO         6980    .text               c_w.l(_scanf_str.o)
    0x08000808   0x08000808   0x0000003e   Code   RO         6982    .text               c_w.l(strlen.o)
    0x08000846   0x08000846   0x0000008a   Code   RO         6984    .text               c_w.l(rt_memcpy_v6.o)
    0x080008d0   0x080008d0   0x00000064   Code   RO         6986    .text               c_w.l(rt_memcpy_w.o)
    0x08000934   0x08000934   0x00000010   Code   RO         6990    .text               c_w.l(aeabi_memset.o)
    0x08000944   0x08000944   0x00000044   Code   RO         6992    .text               c_w.l(rt_memclr.o)
    0x08000988   0x08000988   0x0000004e   Code   RO         6994    .text               c_w.l(rt_memclr_w.o)
    0x080009d6   0x080009d6   0x00000006   Code   RO         6996    .text               c_w.l(heapauxi.o)
    0x080009dc   0x080009dc   0x000000b2   Code   RO         7051    .text               c_w.l(_printf_intcommon.o)
    0x08000a8e   0x08000a8e   0x00000002   PAD
    0x08000a90   0x08000a90   0x00000030   Code   RO         7053    .text               c_w.l(_printf_char_common.o)
    0x08000ac0   0x08000ac0   0x0000000a   Code   RO         7055    .text               c_w.l(_sputc.o)
    0x08000aca   0x08000aca   0x0000001c   Code   RO         7058    .text               c_w.l(_chval.o)
    0x08000ae6   0x08000ae6   0x00000002   PAD
    0x08000ae8   0x08000ae8   0x0000002c   Code   RO         7060    .text               c_w.l(scanf_char.o)
    0x08000b14   0x08000b14   0x00000040   Code   RO         7062    .text               c_w.l(_sgetc.o)
    0x08000b54   0x08000b54   0x00000012   Code   RO         7138    .text               c_w.l(isspace.o)
    0x08000b66   0x08000b66   0x00000002   PAD
    0x08000b68   0x08000b68   0x00000374   Code   RO         7142    .text               c_w.l(_scanf.o)
    0x08000edc   0x08000edc   0x00000008   Code   RO         7150    .text               c_w.l(libspace.o)
    0x08000ee4   0x08000ee4   0x0000004a   Code   RO         7153    .text               c_w.l(sys_stackheap_outer.o)
    0x08000f2e   0x08000f2e   0x00000002   PAD
    0x08000f30   0x08000f30   0x00000010   Code   RO         7155    .text               c_w.l(rt_ctype_table.o)
    0x08000f40   0x08000f40   0x00000012   Code   RO         7157    .text               c_w.l(exit.o)
    0x08000f52   0x08000f52   0x00000002   PAD
    0x08000f54   0x08000f54   0x00000008   Code   RO         7180    .text               c_w.l(rt_locale_intlibspace.o)
    0x08000f5c   0x08000f5c   0x0000000c   Code   RO         7236    .text               c_w.l(sys_exit.o)
    0x08000f68   0x08000f68   0x00000080   Code   RO         7249    .text               c_w.l(strcmpv7m.o)
    0x08000fe8   0x08000fe8   0x00000002   Code   RO         7257    .text               c_w.l(use_no_semi.o)
    0x08000fea   0x08000fea   0x00000000   Code   RO         7259    .text               c_w.l(indicate_semi.o)
    0x08000fea   0x08000fea   0x00000002   Code   RO          684    i.BusFault_Handler  stm32f4xx_it.o
    0x08000fec   0x08000fec   0x00000004   Code   RO         6278    i.CDC_Control_HS    usbd_cdc_if.o
    0x08000ff0   0x08000ff0   0x00000004   Code   RO         6279    i.CDC_DeInit_HS     usbd_cdc_if.o
    0x08000ff4   0x08000ff4   0x00000024   Code   RO         6280    i.CDC_Init_HS       usbd_cdc_if.o
    0x08001018   0x08001018   0x00000048   Code   RO         6281    i.CDC_Receive_HS    usbd_cdc_if.o
    0x08001060   0x08001060   0x00000004   Code   RO         6282    i.CDC_TransmitCplt_HS  usbd_cdc_if.o
    0x08001064   0x08001064   0x0000002c   Code   RO         6283    i.CDC_Transmit_HS   usbd_cdc_if.o
    0x08001090   0x08001090   0x0000000c   Code   RO          685    i.DMA1_Stream1_IRQHandler  stm32f4xx_it.o
    0x0800109c   0x0800109c   0x00000028   Code   RO         1986    i.DMA_CalcBaseAndBitshift  stm32f4xx_hal_dma.o
    0x080010c4   0x080010c4   0x00000054   Code   RO         1987    i.DMA_CheckFifoParam  stm32f4xx_hal_dma.o
    0x08001118   0x08001118   0x00000002   Code   RO          686    i.DebugMon_Handler  stm32f4xx_it.o
    0x0800111a   0x0800111a   0x00000004   Code   RO          467    i.Error_Handler     main.o
    0x0800111e   0x0800111e   0x00000002   PAD
    0x08001120   0x08001120   0x00000054   Code   RO         1761    i.FLASH_Erase_Sector  stm32f4xx_hal_flash_ex.o
    0x08001174   0x08001174   0x00000054   Code   RO         1762    i.FLASH_FlushCaches  stm32f4xx_hal_flash_ex.o
    0x080011c8   0x080011c8   0x00000040   Code   RO         1763    i.FLASH_MassErase   stm32f4xx_hal_flash_ex.o
    0x08001208   0x08001208   0x00000020   Code   RO         1643    i.FLASH_Program_Byte  stm32f4xx_hal_flash.o
    0x08001228   0x08001228   0x0000002c   Code   RO         1644    i.FLASH_Program_DoubleWord  stm32f4xx_hal_flash.o
    0x08001254   0x08001254   0x00000024   Code   RO         1645    i.FLASH_Program_HalfWord  stm32f4xx_hal_flash.o
    0x08001278   0x08001278   0x00000024   Code   RO         1646    i.FLASH_Program_Word  stm32f4xx_hal_flash.o
    0x0800129c   0x0800129c   0x0000007c   Code   RO         1647    i.FLASH_SetErrorCode  stm32f4xx_hal_flash.o
    0x08001318   0x08001318   0x00000050   Code   RO         1648    i.FLASH_WaitForLastOperation  stm32f4xx_hal_flash.o
    0x08001368   0x08001368   0x00000004   Code   RO          173    i.GETVALUE          stm_tb6600.o
    0x0800136c   0x0800136c   0x000001a0   Code   RO         1994    i.HAL_DMA_IRQHandler  stm32f4xx_hal_dma.o
    0x0800150c   0x0800150c   0x000000d4   Code   RO         1995    i.HAL_DMA_Init      stm32f4xx_hal_dma.o
    0x080015e0   0x080015e0   0x00000024   Code   RO         2444    i.HAL_Delay         stm32f4xx_hal.o
    0x08001604   0x08001604   0x0000009c   Code   RO         1768    i.HAL_FLASHEx_Erase  stm32f4xx_hal_flash_ex.o
    0x080016a0   0x080016a0   0x00000014   Code   RO         1652    i.HAL_FLASH_Lock    stm32f4xx_hal_flash.o
    0x080016b4   0x080016b4   0x0000007c   Code   RO         1657    i.HAL_FLASH_Program  stm32f4xx_hal_flash.o
    0x08001730   0x08001730   0x0000002c   Code   RO         1659    i.HAL_FLASH_Unlock  stm32f4xx_hal_flash.o
    0x0800175c   0x0800175c   0x00000234   Code   RO         1882    i.HAL_GPIO_Init     stm32f4xx_hal_gpio.o
    0x08001990   0x08001990   0x0000000a   Code   RO         1884    i.HAL_GPIO_ReadPin  stm32f4xx_hal_gpio.o
    0x0800199a   0x0800199a   0x00000010   Code   RO         1885    i.HAL_GPIO_TogglePin  stm32f4xx_hal_gpio.o
    0x080019aa   0x080019aa   0x0000000a   Code   RO         1886    i.HAL_GPIO_WritePin  stm32f4xx_hal_gpio.o
    0x080019b4   0x080019b4   0x0000000c   Code   RO         2452    i.HAL_GetTick       stm32f4xx_hal.o
    0x080019c0   0x080019c0   0x00000010   Code   RO         2458    i.HAL_IncTick       stm32f4xx_hal.o
    0x080019d0   0x080019d0   0x00000034   Code   RO         2459    i.HAL_Init          stm32f4xx_hal.o
    0x08001a04   0x08001a04   0x00000098   Code   RO          851    i.HAL_InitTick      stm32f4xx_hal_timebase_tim.o
    0x08001a9c   0x08001a9c   0x00000038   Code   RO          784    i.HAL_MspInit       stm32f4xx_hal_msp.o
    0x08001ad4   0x08001ad4   0x0000001a   Code   RO         2292    i.HAL_NVIC_EnableIRQ  stm32f4xx_hal_cortex.o
    0x08001aee   0x08001aee   0x00000002   PAD
    0x08001af0   0x08001af0   0x00000040   Code   RO         2298    i.HAL_NVIC_SetPriority  stm32f4xx_hal_cortex.o
    0x08001b30   0x08001b30   0x00000024   Code   RO         2299    i.HAL_NVIC_SetPriorityGrouping  stm32f4xx_hal_cortex.o
    0x08001b54   0x08001b54   0x00000002   Code   RO         1129    i.HAL_PCDEx_LPM_Callback  stm32f4xx_hal_pcd_ex.o
    0x08001b56   0x08001b56   0x00000008   Code   RO         1130    i.HAL_PCDEx_SetRxFiFo  stm32f4xx_hal_pcd_ex.o
    0x08001b5e   0x08001b5e   0x00000044   Code   RO         1131    i.HAL_PCDEx_SetTxFiFo  stm32f4xx_hal_pcd_ex.o
    0x08001ba2   0x08001ba2   0x00000008   Code   RO         6335    i.HAL_PCD_ConnectCallback  usbd_conf.o
    0x08001baa   0x08001baa   0x00000012   Code   RO         6336    i.HAL_PCD_DataInStageCallback  usbd_conf.o
    0x08001bbc   0x08001bbc   0x00000014   Code   RO         6337    i.HAL_PCD_DataOutStageCallback  usbd_conf.o
    0x08001bd0   0x08001bd0   0x00000008   Code   RO         6338    i.HAL_PCD_DisconnectCallback  usbd_conf.o
    0x08001bd8   0x08001bd8   0x0000001e   Code   RO          899    i.HAL_PCD_EP_Abort  stm32f4xx_hal_pcd.o
    0x08001bf6   0x08001bf6   0x0000004a   Code   RO          900    i.HAL_PCD_EP_Close  stm32f4xx_hal_pcd.o
    0x08001c40   0x08001c40   0x0000005a   Code   RO          901    i.HAL_PCD_EP_ClrStall  stm32f4xx_hal_pcd.o
    0x08001c9a   0x08001c9a   0x00000012   Code   RO          903    i.HAL_PCD_EP_GetRxCount  stm32f4xx_hal_pcd.o
    0x08001cac   0x08001cac   0x00000062   Code   RO          904    i.HAL_PCD_EP_Open   stm32f4xx_hal_pcd.o
    0x08001d0e   0x08001d0e   0x00000038   Code   RO          905    i.HAL_PCD_EP_Receive  stm32f4xx_hal_pcd.o
    0x08001d46   0x08001d46   0x00000072   Code   RO          906    i.HAL_PCD_EP_SetStall  stm32f4xx_hal_pcd.o
    0x08001db8   0x08001db8   0x00000032   Code   RO          907    i.HAL_PCD_EP_Transmit  stm32f4xx_hal_pcd.o
    0x08001dea   0x08001dea   0x00000002   PAD
    0x08001dec   0x08001dec   0x0000055c   Code   RO          909    i.HAL_PCD_IRQHandler  stm32f4xx_hal_pcd.o
    0x08002348   0x08002348   0x00000008   Code   RO         6339    i.HAL_PCD_ISOINIncompleteCallback  usbd_conf.o
    0x08002350   0x08002350   0x00000008   Code   RO         6340    i.HAL_PCD_ISOOUTIncompleteCallback  usbd_conf.o
    0x08002358   0x08002358   0x000000cc   Code   RO          912    i.HAL_PCD_Init      stm32f4xx_hal_pcd.o
    0x08002424   0x08002424   0x00000078   Code   RO         6342    i.HAL_PCD_MspInit   usbd_conf.o
    0x0800249c   0x0800249c   0x0000002c   Code   RO         6343    i.HAL_PCD_ResetCallback  usbd_conf.o
    0x080024c8   0x080024c8   0x00000008   Code   RO         6344    i.HAL_PCD_ResumeCallback  usbd_conf.o
    0x080024d0   0x080024d0   0x00000008   Code   RO         6345    i.HAL_PCD_SOFCallback  usbd_conf.o
    0x080024d8   0x080024d8   0x00000026   Code   RO          918    i.HAL_PCD_SetAddress  stm32f4xx_hal_pcd.o
    0x080024fe   0x080024fe   0x0000000e   Code   RO         6346    i.HAL_PCD_SetupStageCallback  usbd_conf.o
    0x0800250c   0x0800250c   0x00000042   Code   RO          921    i.HAL_PCD_Start     stm32f4xx_hal_pcd.o
    0x0800254e   0x0800254e   0x00000002   PAD
    0x08002550   0x08002550   0x00000030   Code   RO         6347    i.HAL_PCD_SuspendCallback  usbd_conf.o
    0x08002580   0x08002580   0x00000134   Code   RO         1476    i.HAL_RCC_ClockConfig  stm32f4xx_hal_rcc.o
    0x080026b4   0x080026b4   0x00000040   Code   RO         1480    i.HAL_RCC_GetClockConfig  stm32f4xx_hal_rcc.o
    0x080026f4   0x080026f4   0x0000000c   Code   RO         1481    i.HAL_RCC_GetHCLKFreq  stm32f4xx_hal_rcc.o
    0x08002700   0x08002700   0x00000020   Code   RO         1483    i.HAL_RCC_GetPCLK1Freq  stm32f4xx_hal_rcc.o
    0x08002720   0x08002720   0x00000020   Code   RO         1484    i.HAL_RCC_GetPCLK2Freq  stm32f4xx_hal_rcc.o
    0x08002740   0x08002740   0x00000060   Code   RO         1485    i.HAL_RCC_GetSysClockFreq  stm32f4xx_hal_rcc.o
    0x080027a0   0x080027a0   0x0000036c   Code   RO         1488    i.HAL_RCC_OscConfig  stm32f4xx_hal_rcc.o
    0x08002b0c   0x08002b0c   0x000000bc   Code   RO         2718    i.HAL_SPI_Init      stm32f4xx_hal_spi.o
    0x08002bc8   0x08002bc8   0x00000090   Code   RO          786    i.HAL_SPI_MspInit   stm32f4xx_hal_msp.o
    0x08002c58   0x08002c58   0x00000154   Code   RO         2721    i.HAL_SPI_Receive   stm32f4xx_hal_spi.o
    0x08002dac   0x08002dac   0x000001f0   Code   RO         2727    i.HAL_SPI_TransmitReceive  stm32f4xx_hal_spi.o
    0x08002f9c   0x08002f9c   0x00000002   Code   RO         3735    i.HAL_TIMEx_BreakCallback  stm32f4xx_hal_tim_ex.o
    0x08002f9e   0x08002f9e   0x00000002   Code   RO         3736    i.HAL_TIMEx_CommutCallback  stm32f4xx_hal_tim_ex.o
    0x08002fa0   0x08002fa0   0x00000054   Code   RO         3738    i.HAL_TIMEx_ConfigBreakDeadTime  stm32f4xx_hal_tim_ex.o
    0x08002ff4   0x08002ff4   0x00000090   Code   RO         3754    i.HAL_TIMEx_MasterConfigSynchronization  stm32f4xx_hal_tim_ex.o
    0x08003084   0x08003084   0x0000005a   Code   RO         3031    i.HAL_TIM_Base_Init  stm32f4xx_hal_tim.o
    0x080030de   0x080030de   0x00000002   PAD
    0x080030e0   0x080030e0   0x00000088   Code   RO          788    i.HAL_TIM_Base_MspInit  stm32f4xx_hal_msp.o
    0x08003168   0x08003168   0x00000080   Code   RO         3036    i.HAL_TIM_Base_Start_IT  stm32f4xx_hal_tim.o
    0x080031e8   0x080031e8   0x00000030   Code   RO         3039    i.HAL_TIM_Base_Stop_IT  stm32f4xx_hal_tim.o
    0x08003218   0x08003218   0x000000dc   Code   RO         3040    i.HAL_TIM_ConfigClockSource  stm32f4xx_hal_tim.o
    0x080032f4   0x080032f4   0x00000026   Code   RO         3062    i.HAL_TIM_GenerateEvent  stm32f4xx_hal_tim.o
    0x0800331a   0x0800331a   0x00000002   Code   RO         3065    i.HAL_TIM_IC_CaptureCallback  stm32f4xx_hal_tim.o
    0x0800331c   0x0800331c   0x00000130   Code   RO         3079    i.HAL_TIM_IRQHandler  stm32f4xx_hal_tim.o
    0x0800344c   0x0800344c   0x00000054   Code   RO          789    i.HAL_TIM_MspPostInit  stm32f4xx_hal_msp.o
    0x080034a0   0x080034a0   0x00000002   Code   RO         3082    i.HAL_TIM_OC_DelayElapsedCallback  stm32f4xx_hal_tim.o
    0x080034a2   0x080034a2   0x000000cc   Code   RO         3103    i.HAL_TIM_PWM_ConfigChannel  stm32f4xx_hal_tim.o
    0x0800356e   0x0800356e   0x0000005a   Code   RO         3106    i.HAL_TIM_PWM_Init  stm32f4xx_hal_tim.o
    0x080035c8   0x080035c8   0x00000002   Code   RO         3108    i.HAL_TIM_PWM_MspInit  stm32f4xx_hal_tim.o
    0x080035ca   0x080035ca   0x00000002   Code   RO         3109    i.HAL_TIM_PWM_PulseFinishedCallback  stm32f4xx_hal_tim.o
    0x080035cc   0x080035cc   0x000000c8   Code   RO         3111    i.HAL_TIM_PWM_Start  stm32f4xx_hal_tim.o
    0x08003694   0x08003694   0x0000007c   Code   RO         3114    i.HAL_TIM_PWM_Stop  stm32f4xx_hal_tim.o
    0x08003710   0x08003710   0x000000a4   Code   RO          468    i.HAL_TIM_PeriodElapsedCallback  main.o
    0x080037b4   0x080037b4   0x00000002   Code   RO         3122    i.HAL_TIM_TriggerCallback  stm32f4xx_hal_tim.o
    0x080037b6   0x080037b6   0x00000064   Code   RO         4032    i.HAL_UART_Init     stm32f4xx_hal_uart.o
    0x0800381a   0x0800381a   0x00000002   PAD
    0x0800381c   0x0800381c   0x000000a4   Code   RO          791    i.HAL_UART_MspInit  stm32f4xx_hal_msp.o
    0x080038c0   0x080038c0   0x00000002   Code   RO          687    i.HardFault_Handler  stm32f4xx_it.o
    0x080038c2   0x080038c2   0x00000002   PAD
    0x080038c4   0x080038c4   0x00000038   Code   RO         6192    i.IntToUnicode      usbd_desc.o
    0x080038fc   0x080038fc   0x0000005c   Code   RO          470    i.MAX6675_ReadTemp  main.o
    0x08003958   0x08003958   0x0000005c   Code   RO          471    i.MAX6675_Read_Temp  main.o
    0x080039b4   0x080039b4   0x00000114   Code   RO          472    i.MX_GPIO_Init      main.o
    0x08003ac8   0x08003ac8   0x00000044   Code   RO          473    i.MX_SPI1_Init      main.o
    0x08003b0c   0x08003b0c   0x000000c8   Code   RO          474    i.MX_TIM1_Init      main.o
    0x08003bd4   0x08003bd4   0x00000068   Code   RO          475    i.MX_TIM5_Init      main.o
    0x08003c3c   0x08003c3c   0x00000054   Code   RO         6161    i.MX_USB_DEVICE_Init  usb_device.o
    0x08003c90   0x08003c90   0x00000002   Code   RO          688    i.MemManage_Handler  stm32f4xx_it.o
    0x08003c92   0x08003c92   0x00000002   Code   RO          689    i.NMI_Handler       stm32f4xx_it.o
    0x08003c94   0x08003c94   0x0000000c   Code   RO          690    i.OTG_HS_IRQHandler  stm32f4xx_it.o
    0x08003ca0   0x08003ca0   0x000000cc   Code   RO          925    i.PCD_EP_OutXfrComplete_int  stm32f4xx_hal_pcd.o
    0x08003d6c   0x08003d6c   0x000000a2   Code   RO          926    i.PCD_WriteEmptyTxFifo  stm32f4xx_hal_pcd.o
    0x08003e0e   0x08003e0e   0x0000001c   Code   RO          477    i.Reset_Timer       main.o
    0x08003e2a   0x08003e2a   0x0000005c   Code   RO         2755    i.SPI_EndRxTransaction  stm32f4xx_hal_spi.o
    0x08003e86   0x08003e86   0x00000002   PAD
    0x08003e88   0x08003e88   0x0000006c   Code   RO         2756    i.SPI_EndRxTxTransaction  stm32f4xx_hal_spi.o
    0x08003ef4   0x08003ef4   0x000000b8   Code   RO         2761    i.SPI_WaitFlagStateUntilTimeout  stm32f4xx_hal_spi.o
    0x08003fac   0x08003fac   0x0000000a   Code   RO         6701    i.SWAPBYTE          usbd_ctlreq.o
    0x08003fb6   0x08003fb6   0x00000002   PAD
    0x08003fb8   0x08003fb8   0x0000019c   Code   RO          478    i.StartDefaultTask  main.o
    0x08004154   0x08004154   0x00000064   Code   RO          479    i.StartReset        main.o
    0x080041b8   0x080041b8   0x0000005c   Code   RO          480    i.StartTempControl  main.o
    0x08004214   0x08004214   0x00000058   Code   RO          481    i.StartTempRead     main.o
    0x0800426c   0x0800426c   0x0000003c   Code   RO          482    i.StartUSB          main.o
    0x080042a8   0x080042a8   0x00000068   Code   RO          483    i.StoreFlashByte    main.o
    0x08004310   0x08004310   0x0000001a   Code   RO         5513    i.SysTick_Handler   cmsis_os2.o
    0x0800432a   0x0800432a   0x00000002   PAD
    0x0800432c   0x0800432c   0x00000094   Code   RO          484    i.SystemClock_Config  main.o
    0x080043c0   0x080043c0   0x00000010   Code   RO         4366    i.SystemInit        system_stm32f4xx.o
    0x080043d0   0x080043d0   0x0000000c   Code   RO          691    i.TIM1_BRK_TIM9_IRQHandler  stm32f4xx_it.o
    0x080043dc   0x080043dc   0x0000000c   Code   RO          692    i.TIM1_CC_IRQHandler  stm32f4xx_it.o
    0x080043e8   0x080043e8   0x0000000c   Code   RO          693    i.TIM1_TRG_COM_TIM11_IRQHandler  stm32f4xx_it.o
    0x080043f4   0x080043f4   0x0000000c   Code   RO          694    i.TIM1_UP_TIM10_IRQHandler  stm32f4xx_it.o
    0x08004400   0x08004400   0x0000000c   Code   RO          695    i.TIM2_IRQHandler   stm32f4xx_it.o
    0x0800440c   0x0800440c   0x000000d8   Code   RO         3124    i.TIM_Base_SetConfig  stm32f4xx_hal_tim.o
    0x080044e4   0x080044e4   0x0000001a   Code   RO         3125    i.TIM_CCxChannelCmd  stm32f4xx_hal_tim.o
    0x080044fe   0x080044fe   0x00000014   Code   RO         3135    i.TIM_ETR_SetConfig  stm32f4xx_hal_tim.o
    0x08004512   0x08004512   0x00000010   Code   RO         3136    i.TIM_ITRx_SetConfig  stm32f4xx_hal_tim.o
    0x08004522   0x08004522   0x00000002   PAD
    0x08004524   0x08004524   0x00000060   Code   RO         3137    i.TIM_OC1_SetConfig  stm32f4xx_hal_tim.o
    0x08004584   0x08004584   0x0000006c   Code   RO         3138    i.TIM_OC2_SetConfig  stm32f4xx_hal_tim.o
    0x080045f0   0x080045f0   0x00000068   Code   RO         3139    i.TIM_OC3_SetConfig  stm32f4xx_hal_tim.o
    0x08004658   0x08004658   0x00000050   Code   RO         3140    i.TIM_OC4_SetConfig  stm32f4xx_hal_tim.o
    0x080046a8   0x080046a8   0x00000022   Code   RO         3142    i.TIM_TI1_ConfigInputStage  stm32f4xx_hal_tim.o
    0x080046ca   0x080046ca   0x00000024   Code   RO         3144    i.TIM_TI2_ConfigInputStage  stm32f4xx_hal_tim.o
    0x080046ee   0x080046ee   0x00000002   PAD
    0x080046f0   0x080046f0   0x0000010c   Code   RO         4058    i.UART_SetConfig    stm32f4xx_hal_uart.o
    0x080047fc   0x080047fc   0x00000076   Code   RO         6839    i.USBD_CDC_DataIn   usbd_cdc.o
    0x08004872   0x08004872   0x0000003c   Code   RO         6840    i.USBD_CDC_DataOut  usbd_cdc.o
    0x080048ae   0x080048ae   0x00000002   PAD
    0x080048b0   0x080048b0   0x00000090   Code   RO         6841    i.USBD_CDC_DeInit   usbd_cdc.o
    0x08004940   0x08004940   0x00000036   Code   RO         6842    i.USBD_CDC_EP0_RxReady  usbd_cdc.o
    0x08004976   0x08004976   0x00000002   PAD
    0x08004978   0x08004978   0x0000000c   Code   RO         6843    i.USBD_CDC_GetDeviceQualifierDescriptor  usbd_cdc.o
    0x08004984   0x08004984   0x0000003c   Code   RO         6844    i.USBD_CDC_GetFSCfgDesc  usbd_cdc.o
    0x080049c0   0x080049c0   0x00000040   Code   RO         6845    i.USBD_CDC_GetHSCfgDesc  usbd_cdc.o
    0x08004a00   0x08004a00   0x0000003c   Code   RO         6846    i.USBD_CDC_GetOtherSpeedCfgDesc  usbd_cdc.o
    0x08004a3c   0x08004a3c   0x00000118   Code   RO         6847    i.USBD_CDC_Init     usbd_cdc.o
    0x08004b54   0x08004b54   0x00000038   Code   RO         6848    i.USBD_CDC_ReceivePacket  usbd_cdc.o
    0x08004b8c   0x08004b8c   0x00000016   Code   RO         6849    i.USBD_CDC_RegisterInterface  usbd_cdc.o
    0x08004ba2   0x08004ba2   0x0000001a   Code   RO         6850    i.USBD_CDC_SetRxBuffer  usbd_cdc.o
    0x08004bbc   0x08004bbc   0x0000001e   Code   RO         6851    i.USBD_CDC_SetTxBuffer  usbd_cdc.o
    0x08004bda   0x08004bda   0x000000d4   Code   RO         6852    i.USBD_CDC_Setup    usbd_cdc.o
    0x08004cae   0x08004cae   0x00000002   PAD
    0x08004cb0   0x08004cb0   0x00000050   Code   RO         6853    i.USBD_CDC_TransmitPacket  usbd_cdc.o
    0x08004d00   0x08004d00   0x00000014   Code   RO         6542    i.USBD_ClrClassConfig  usbd_core.o
    0x08004d14   0x08004d14   0x00000004   Code   RO         6543    i.USBD_CoreFindEP   usbd_core.o
    0x08004d18   0x08004d18   0x00000004   Code   RO         6544    i.USBD_CoreFindIF   usbd_core.o
    0x08004d1c   0x08004d1c   0x00000010   Code   RO         6779    i.USBD_CtlContinueRx  usbd_ioreq.o
    0x08004d2c   0x08004d2c   0x00000010   Code   RO         6780    i.USBD_CtlContinueSendData  usbd_ioreq.o
    0x08004d3c   0x08004d3c   0x00000016   Code   RO         6702    i.USBD_CtlError     usbd_ctlreq.o
    0x08004d52   0x08004d52   0x0000001e   Code   RO         6781    i.USBD_CtlPrepareRx  usbd_ioreq.o
    0x08004d70   0x08004d70   0x00000016   Code   RO         6782    i.USBD_CtlReceiveStatus  usbd_ioreq.o
    0x08004d86   0x08004d86   0x0000001a   Code   RO         6783    i.USBD_CtlSendData  usbd_ioreq.o
    0x08004da0   0x08004da0   0x00000016   Code   RO         6784    i.USBD_CtlSendStatus  usbd_ioreq.o
    0x08004db6   0x08004db6   0x000000e6   Code   RO         6703    i.USBD_GetDescriptor  usbd_ctlreq.o
    0x08004e9c   0x08004e9c   0x0000003a   Code   RO         6546    i.USBD_GetEpDesc    usbd_core.o
    0x08004ed6   0x08004ed6   0x00000014   Code   RO         6704    i.USBD_GetLen       usbd_ctlreq.o
    0x08004eea   0x08004eea   0x0000000e   Code   RO         6547    i.USBD_GetNextDesc  usbd_core.o
    0x08004ef8   0x08004ef8   0x0000004e   Code   RO         6705    i.USBD_GetString    usbd_ctlreq.o
    0x08004f46   0x08004f46   0x00000018   Code   RO         6348    i.USBD_Get_USB_Status  usbd_conf.o
    0x08004f5e   0x08004f5e   0x00000002   PAD
    0x08004f60   0x08004f60   0x00000020   Code   RO         6193    i.USBD_HS_ConfigStrDescriptor  usbd_desc.o
    0x08004f80   0x08004f80   0x0000000c   Code   RO         6194    i.USBD_HS_DeviceDescriptor  usbd_desc.o
    0x08004f8c   0x08004f8c   0x00000024   Code   RO         6195    i.USBD_HS_InterfaceStrDescriptor  usbd_desc.o
    0x08004fb0   0x08004fb0   0x0000000c   Code   RO         6196    i.USBD_HS_LangIDStrDescriptor  usbd_desc.o
    0x08004fbc   0x08004fbc   0x00000028   Code   RO         6197    i.USBD_HS_ManufacturerStrDescriptor  usbd_desc.o
    0x08004fe4   0x08004fe4   0x0000002c   Code   RO         6198    i.USBD_HS_ProductStrDescriptor  usbd_desc.o
    0x08005010   0x08005010   0x00000038   Code   RO         6199    i.USBD_HS_SerialStrDescriptor  usbd_desc.o
    0x08005048   0x08005048   0x00000026   Code   RO         6548    i.USBD_Init         usbd_core.o
    0x0800506e   0x0800506e   0x00000012   Code   RO         6349    i.USBD_LL_ClearStallEP  usbd_conf.o
    0x08005080   0x08005080   0x00000012   Code   RO         6350    i.USBD_LL_CloseEP   usbd_conf.o
    0x08005092   0x08005092   0x000000b6   Code   RO         6549    i.USBD_LL_DataInStage  usbd_core.o
    0x08005148   0x08005148   0x0000008e   Code   RO         6550    i.USBD_LL_DataOutStage  usbd_core.o
    0x080051d6   0x080051d6   0x00000004   Code   RO         6551    i.USBD_LL_DevConnected  usbd_core.o
    0x080051da   0x080051da   0x0000001e   Code   RO         6552    i.USBD_LL_DevDisconnected  usbd_core.o
    0x080051f8   0x080051f8   0x00000008   Code   RO         6354    i.USBD_LL_GetRxDataSize  usbd_conf.o
    0x08005200   0x08005200   0x00000068   Code   RO         6355    i.USBD_LL_Init      usbd_conf.o
    0x08005268   0x08005268   0x0000001e   Code   RO         6356    i.USBD_LL_IsStallEP  usbd_conf.o
    0x08005286   0x08005286   0x00000028   Code   RO         6553    i.USBD_LL_IsoINIncomplete  usbd_core.o
    0x080052ae   0x080052ae   0x00000028   Code   RO         6554    i.USBD_LL_IsoOUTIncomplete  usbd_core.o
    0x080052d6   0x080052d6   0x00000018   Code   RO         6357    i.USBD_LL_OpenEP    usbd_conf.o
    0x080052ee   0x080052ee   0x00000012   Code   RO         6358    i.USBD_LL_PrepareReceive  usbd_conf.o
    0x08005300   0x08005300   0x0000005c   Code   RO         6555    i.USBD_LL_Reset     usbd_core.o
    0x0800535c   0x0800535c   0x00000014   Code   RO         6556    i.USBD_LL_Resume    usbd_core.o
    0x08005370   0x08005370   0x0000001a   Code   RO         6557    i.USBD_LL_SOF       usbd_core.o
    0x0800538a   0x0800538a   0x00000006   Code   RO         6558    i.USBD_LL_SetSpeed  usbd_core.o
    0x08005390   0x08005390   0x00000012   Code   RO         6359    i.USBD_LL_SetUSBAddress  usbd_conf.o
    0x080053a2   0x080053a2   0x00000060   Code   RO         6559    i.USBD_LL_SetupStage  usbd_core.o
    0x08005402   0x08005402   0x00000012   Code   RO         6360    i.USBD_LL_StallEP   usbd_conf.o
    0x08005414   0x08005414   0x00000012   Code   RO         6361    i.USBD_LL_Start     usbd_conf.o
    0x08005426   0x08005426   0x0000001a   Code   RO         6560    i.USBD_LL_Suspend   usbd_core.o
    0x08005440   0x08005440   0x00000012   Code   RO         6363    i.USBD_LL_Transmit  usbd_conf.o
    0x08005452   0x08005452   0x0000002c   Code   RO         6706    i.USBD_ParseSetupRequest  usbd_ctlreq.o
    0x0800547e   0x0800547e   0x0000003a   Code   RO         6561    i.USBD_RegisterClass  usbd_core.o
    0x080054b8   0x080054b8   0x00000014   Code   RO         6563    i.USBD_SetClassConfig  usbd_core.o
    0x080054cc   0x080054cc   0x000000b8   Code   RO         6707    i.USBD_SetConfig    usbd_ctlreq.o
    0x08005584   0x08005584   0x00000004   Code   RO         6564    i.USBD_Start        usbd_core.o
    0x08005588   0x08005588   0x0000012c   Code   RO         6708    i.USBD_StdDevReq    usbd_ctlreq.o
    0x080056b4   0x080056b4   0x00000160   Code   RO         6709    i.USBD_StdEPReq     usbd_ctlreq.o
    0x08005814   0x08005814   0x00000072   Code   RO         6710    i.USBD_StdItfReq    usbd_ctlreq.o
    0x08005886   0x08005886   0x00000002   Code   RO         6364    i.USBD_static_free  usbd_conf.o
    0x08005888   0x08005888   0x00000008   Code   RO         6365    i.USBD_static_malloc  usbd_conf.o
    0x08005890   0x08005890   0x00000080   Code   RO         1171    i.USB_ActivateEndpoint  stm32f4xx_ll_usb.o
    0x08005910   0x08005910   0x0000001c   Code   RO         1173    i.USB_ActivateSetup  stm32f4xx_ll_usb.o
    0x0800592c   0x0800592c   0x00000084   Code   RO         1175    i.USB_CoreInit      stm32f4xx_ll_usb.o
    0x080059b0   0x080059b0   0x0000003c   Code   RO         1176    i.USB_CoreReset     stm32f4xx_ll_usb.o
    0x080059ec   0x080059ec   0x000000cc   Code   RO         1179    i.USB_DeactivateEndpoint  stm32f4xx_ll_usb.o
    0x08005ab8   0x08005ab8   0x0000001c   Code   RO         1180    i.USB_DevConnect    stm32f4xx_ll_usb.o
    0x08005ad4   0x08005ad4   0x0000001c   Code   RO         1181    i.USB_DevDisconnect  stm32f4xx_ll_usb.o
    0x08005af0   0x08005af0   0x0000017c   Code   RO         1182    i.USB_DevInit       stm32f4xx_ll_usb.o
    0x08005c6c   0x08005c6c   0x0000000c   Code   RO         1183    i.USB_DisableGlobalInt  stm32f4xx_ll_usb.o
    0x08005c78   0x08005c78   0x00000058   Code   RO         1186    i.USB_EP0_OutStart  stm32f4xx_ll_usb.o
    0x08005cd0   0x08005cd0   0x00000058   Code   RO         1187    i.USB_EPClearStall  stm32f4xx_ll_usb.o
    0x08005d28   0x08005d28   0x00000058   Code   RO         1188    i.USB_EPSetStall    stm32f4xx_ll_usb.o
    0x08005d80   0x08005d80   0x00000238   Code   RO         1189    i.USB_EPStartXfer   stm32f4xx_ll_usb.o
    0x08005fb8   0x08005fb8   0x0000009e   Code   RO         1190    i.USB_EPStopXfer    stm32f4xx_ll_usb.o
    0x08006056   0x08006056   0x0000000c   Code   RO         1191    i.USB_EnableGlobalInt  stm32f4xx_ll_usb.o
    0x08006062   0x08006062   0x00000038   Code   RO         1192    i.USB_FlushRxFifo   stm32f4xx_ll_usb.o
    0x0800609a   0x0800609a   0x0000003c   Code   RO         1193    i.USB_FlushTxFifo   stm32f4xx_ll_usb.o
    0x080060d6   0x080060d6   0x0000001a   Code   RO         1195    i.USB_GetDevSpeed   stm32f4xx_ll_usb.o
    0x080060f0   0x080060f0   0x00000008   Code   RO         1197    i.USB_GetMode       stm32f4xx_ll_usb.o
    0x080060f8   0x080060f8   0x0000000e   Code   RO         1205    i.USB_ReadDevAllInEpInterrupt  stm32f4xx_ll_usb.o
    0x08006106   0x08006106   0x0000000e   Code   RO         1206    i.USB_ReadDevAllOutEpInterrupt  stm32f4xx_ll_usb.o
    0x08006114   0x08006114   0x00000024   Code   RO         1207    i.USB_ReadDevInEPInterrupt  stm32f4xx_ll_usb.o
    0x08006138   0x08006138   0x00000010   Code   RO         1208    i.USB_ReadDevOutEPInterrupt  stm32f4xx_ll_usb.o
    0x08006148   0x08006148   0x00000008   Code   RO         1209    i.USB_ReadInterrupts  stm32f4xx_ll_usb.o
    0x08006150   0x08006150   0x0000003e   Code   RO         1210    i.USB_ReadPacket    stm32f4xx_ll_usb.o
    0x0800618e   0x0800618e   0x0000005c   Code   RO         1212    i.USB_SetCurrentMode  stm32f4xx_ll_usb.o
    0x080061ea   0x080061ea   0x00000022   Code   RO         1213    i.USB_SetDevAddress  stm32f4xx_ll_usb.o
    0x0800620c   0x0800620c   0x000000e8   Code   RO         1215    i.USB_SetTurnaroundTime  stm32f4xx_ll_usb.o
    0x080062f4   0x080062f4   0x00000028   Code   RO         1218    i.USB_WritePacket   stm32f4xx_ll_usb.o
    0x0800631c   0x0800631c   0x00000002   Code   RO          696    i.UsageFault_Handler  stm32f4xx_it.o
    0x0800631e   0x0800631e   0x00000002   PAD
    0x08006320   0x08006320   0x000000b4   Code   RO          485    i.Usb_Receive_Check  main.o
    0x080063d4   0x080063d4   0x00000020   Code   RO         2305    i.__NVIC_SetPriority  stm32f4xx_hal_cortex.o
    0x080063f4   0x080063f4   0x00000198   Code   RO          486    i.main              main.o
    0x0800658c   0x0800658c   0x0000001a   Code   RO         5515    i.osDelay           cmsis_os2.o
    0x080065a6   0x080065a6   0x00000002   PAD
    0x080065a8   0x080065a8   0x00000024   Code   RO         5529    i.osKernelInitialize  cmsis_os2.o
    0x080065cc   0x080065cc   0x00000038   Code   RO         5532    i.osKernelStart     cmsis_os2.o
    0x08006604   0x08006604   0x00000074   Code   RO         5566    i.osThreadFlagsSet  cmsis_os2.o
    0x08006678   0x08006678   0x00000096   Code   RO         5567    i.osThreadFlagsWait  cmsis_os2.o
    0x0800670e   0x0800670e   0x00000002   PAD
    0x08006710   0x08006710   0x0000008a   Code   RO         5574    i.osThreadNew       cmsis_os2.o
    0x0800679a   0x0800679a   0x00000002   PAD
    0x0800679c   0x0800679c   0x0000005c   Code   RO         4974    i.prvAddCurrentTaskToDelayedList  tasks.o
    0x080067f8   0x080067f8   0x000000d0   Code   RO         4975    i.prvAddNewTaskToReadyList  tasks.o
    0x080068c8   0x080068c8   0x00000058   Code   RO         5339    i.prvCheckForValidListAndQueue  timers.o
    0x08006920   0x08006920   0x00000026   Code   RO         4571    i.prvCopyDataFromQueue  queue.o
    0x08006946   0x08006946   0x0000006c   Code   RO         4572    i.prvCopyDataToQueue  queue.o
    0x080069b2   0x080069b2   0x00000034   Code   RO         4976    i.prvDeleteTCB      tasks.o
    0x080069e6   0x080069e6   0x00000002   PAD
    0x080069e8   0x080069e8   0x0000004c   Code   RO         6026    i.prvHeapInit       heap_4.o
    0x08006a34   0x08006a34   0x00000060   Code   RO         4977    i.prvIdleTask       tasks.o
    0x08006a94   0x08006a94   0x00000022   Code   RO         4574    i.prvInitialiseNewQueue  queue.o
    0x08006ab6   0x08006ab6   0x00000002   PAD
    0x08006ab8   0x08006ab8   0x000000b0   Code   RO         4978    i.prvInitialiseNewTask  tasks.o
    0x08006b68   0x08006b68   0x0000004c   Code   RO         6027    i.prvInsertBlockIntoFreeList  heap_4.o
    0x08006bb4   0x08006bb4   0x00000038   Code   RO         5341    i.prvInsertTimerInActiveList  timers.o
    0x08006bec   0x08006bec   0x0000001c   Code   RO         4575    i.prvIsQueueEmpty   queue.o
    0x08006c08   0x08006c08   0x000000fc   Code   RO         5342    i.prvProcessReceivedCommands  timers.o
    0x08006d04   0x08006d04   0x000000c0   Code   RO         5343    i.prvProcessTimerOrBlockTask  timers.o
    0x08006dc4   0x08006dc4   0x00000020   Code   RO         4980    i.prvResetNextTaskUnblockTime  tasks.o
    0x08006de4   0x08006de4   0x00000028   Code   RO         5344    i.prvSampleTimeNow  timers.o
    0x08006e0c   0x08006e0c   0x0000006c   Code   RO         5345    i.prvSwitchTimerLists  timers.o
    0x08006e78   0x08006e78   0x00000028   Code   RO         6082    i.prvTaskExitError  port.o
    0x08006ea0   0x08006ea0   0x00000024   Code   RO         5346    i.prvTimerTask      timers.o
    0x08006ec4   0x08006ec4   0x0000006a   Code   RO         4576    i.prvUnlockQueue    queue.o
    0x08006f2e   0x08006f2e   0x00000002   PAD
    0x08006f30   0x08006f30   0x000000dc   Code   RO         6028    i.pvPortMalloc      heap_4.o
    0x0800700c   0x0800700c   0x0000002c   Code   RO         6083    i.pxPortInitialiseStack  port.o
    0x08007038   0x08007038   0x00000020   Code   RO          178    i.tb6600_ChangeDirection  stm_tb6600.o
    0x08007058   0x08007058   0x0000000c   Code   RO          181    i.tb6600_Disable    stm_tb6600.o
    0x08007064   0x08007064   0x0000000c   Code   RO          182    i.tb6600_Enable     stm_tb6600.o
    0x08007070   0x08007070   0x000000a8   Code   RO          185    i.tb6600_Movemm_tim  stm_tb6600.o
    0x08007118   0x08007118   0x00000080   Code   RO          186    i.tb6600_Movemm_tim_1  stm_tb6600.o
    0x08007198   0x08007198   0x0000003c   Code   RO          187    i.tb6600_Set        stm_tb6600.o
    0x080071d4   0x080071d4   0x00000008   Code   RO          189    i.tb6600_Stop_tim   stm_tb6600.o
    0x080071dc   0x080071dc   0x0000000a   Code   RO          190    i.tb6600_ToggleDirection  stm_tb6600.o
    0x080071e6   0x080071e6   0x00000064   Code   RO          195    i.tb6600_init_tim   stm_tb6600.o
    0x0800724a   0x0800724a   0x00000026   Code   RO         4531    i.uxListRemove      list.o
    0x08007270   0x08007270   0x00000014   Code   RO         5586    i.vApplicationGetIdleTaskMemory  cmsis_os2.o
    0x08007284   0x08007284   0x00000018   Code   RO         5587    i.vApplicationGetTimerTaskMemory  cmsis_os2.o
    0x0800729c   0x0800729c   0x00000016   Code   RO         4532    i.vListInitialise   list.o
    0x080072b2   0x080072b2   0x00000006   Code   RO         4533    i.vListInitialiseItem  list.o
    0x080072b8   0x080072b8   0x00000030   Code   RO         4534    i.vListInsert       list.o
    0x080072e8   0x080072e8   0x00000018   Code   RO         4535    i.vListInsertEnd    list.o
    0x08007300   0x08007300   0x00000040   Code   RO         6085    i.vPortEnterCritical  port.o
    0x08007340   0x08007340   0x00000028   Code   RO         6086    i.vPortExitCritical  port.o
    0x08007368   0x08007368   0x00000064   Code   RO         6029    i.vPortFree         heap_4.o
    0x080073cc   0x080073cc   0x00000024   Code   RO         6087    i.vPortSetupTimerInterrupt  port.o
    0x080073f0   0x080073f0   0x00000054   Code   RO         6088    i.vPortValidateInterruptPriority  port.o
    0x08007444   0x08007444   0x00000028   Code   RO         4582    i.vQueueAddToRegistry  queue.o
    0x0800746c   0x0800746c   0x00000044   Code   RO         4586    i.vQueueWaitForMessageRestricted  queue.o
    0x080074b0   0x080074b0   0x0000004c   Code   RO         4993    i.vTaskDelay        tasks.o
    0x080074fc   0x080074fc   0x00000090   Code   RO         4995    i.vTaskDelete       tasks.o
    0x0800758c   0x0800758c   0x00000010   Code   RO         4998    i.vTaskInternalSetTimeOutState  tasks.o
    0x0800759c   0x0800759c   0x0000000c   Code   RO         4999    i.vTaskMissedYield  tasks.o
    0x080075a8   0x080075a8   0x00000030   Code   RO         5001    i.vTaskPlaceOnEventList  tasks.o
    0x080075d8   0x080075d8   0x00000038   Code   RO         5002    i.vTaskPlaceOnEventListRestricted  tasks.o
    0x08007610   0x08007610   0x00000088   Code   RO         5010    i.vTaskStartScheduler  tasks.o
    0x08007698   0x08007698   0x0000009c   Code   RO         5011    i.vTaskSuspend      tasks.o
    0x08007734   0x08007734   0x00000010   Code   RO         5012    i.vTaskSuspendAll   tasks.o
    0x08007744   0x08007744   0x00000064   Code   RO         5013    i.vTaskSwitchContext  tasks.o
    0x080077a8   0x080077a8   0x000000f4   Code   RO         6089    i.xPortStartScheduler  port.o
    0x0800789c   0x0800789c   0x0000002c   Code   RO         6090    i.xPortSysTickHandler  port.o
    0x080078c8   0x080078c8   0x00000066   Code   RO         4592    i.xQueueGenericCreateStatic  queue.o
    0x0800792e   0x0800792e   0x00000002   PAD
    0x08007930   0x08007930   0x00000088   Code   RO         4593    i.xQueueGenericReset  queue.o
    0x080079b8   0x080079b8   0x00000160   Code   RO         4594    i.xQueueGenericSend  queue.o
    0x08007b18   0x08007b18   0x000000be   Code   RO         4595    i.xQueueGenericSendFromISR  queue.o
    0x08007bd6   0x08007bd6   0x00000002   PAD
    0x08007bd8   0x08007bd8   0x00000138   Code   RO         4604    i.xQueueReceive     queue.o
    0x08007d10   0x08007d10   0x00000074   Code   RO         5015    i.xTaskCheckForTimeOut  tasks.o
    0x08007d84   0x08007d84   0x0000005a   Code   RO         5016    i.xTaskCreate       tasks.o
    0x08007dde   0x08007dde   0x00000056   Code   RO         5017    i.xTaskCreateStatic  tasks.o
    0x08007e34   0x08007e34   0x000000e0   Code   RO         5018    i.xTaskGenericNotify  tasks.o
    0x08007f14   0x08007f14   0x00000104   Code   RO         5019    i.xTaskGenericNotifyFromISR  tasks.o
    0x08008018   0x08008018   0x0000001c   Code   RO         5021    i.xTaskGetSchedulerState  tasks.o
    0x08008034   0x08008034   0x0000000c   Code   RO         5022    i.xTaskGetTickCount  tasks.o
    0x08008040   0x08008040   0x000000c8   Code   RO         5024    i.xTaskIncrementTick  tasks.o
    0x08008108   0x08008108   0x0000008c   Code   RO         5026    i.xTaskNotifyWait   tasks.o
    0x08008194   0x08008194   0x00000080   Code   RO         5027    i.xTaskPriorityDisinherit  tasks.o
    0x08008214   0x08008214   0x00000070   Code   RO         5029    i.xTaskRemoveFromEventList  tasks.o
    0x08008284   0x08008284   0x000000c4   Code   RO         5030    i.xTaskResumeAll    tasks.o
    0x08008348   0x08008348   0x00000060   Code   RO         5355    i.xTimerCreateTimerTask  timers.o
    0x080083a8   0x080083a8   0x00000068   Code   RO         5356    i.xTimerGenericCommand  timers.o
    0x08008410   0x08008410   0x0000002c   Code   RO         7183    locale$$code        c_w.l(lc_ctype_c.o)
    0x0800843c   0x0800843c   0x00000062   Code   RO         7000    x$fpl$d2f           fz_wm.l(d2f.o)
    0x0800849e   0x0800849e   0x00000002   PAD
    0x080084a0   0x080084a0   0x000002b0   Code   RO         7009    x$fpl$ddiv          fz_wm.l(ddiv.o)
    0x08008750   0x08008750   0x0000005a   Code   RO         7016    x$fpl$dfixu         fz_wm.l(dfixu.o)
    0x080087aa   0x080087aa   0x0000002e   Code   RO         7021    x$fpl$dflt          fz_wm.l(dflt_clz.o)
    0x080087d8   0x080087d8   0x00000026   Code   RO         7020    x$fpl$dfltu         fz_wm.l(dflt_clz.o)
    0x080087fe   0x080087fe   0x00000002   PAD
    0x08008800   0x08008800   0x00000154   Code   RO         7026    x$fpl$dmul          fz_wm.l(dmul.o)
    0x08008954   0x08008954   0x0000009c   Code   RO         7066    x$fpl$dnaninf       fz_wm.l(dnaninf.o)
    0x080089f0   0x080089f0   0x0000000c   Code   RO         7068    x$fpl$dretinf       fz_wm.l(dretinf.o)
    0x080089fc   0x080089fc   0x00000056   Code   RO         7028    x$fpl$f2d           fz_wm.l(f2d.o)
    0x08008a52   0x08008a52   0x0000008c   Code   RO         7072    x$fpl$fnaninf       fz_wm.l(fnaninf.o)
    0x08008ade   0x08008ade   0x0000000a   Code   RO         7253    x$fpl$fpinit        fz_wm.l(fpinit.o)
    0x08008ae8   0x08008ae8   0x0000000a   Code   RO         7074    x$fpl$fretinf       fz_wm.l(fretinf.o)
    0x08008af2   0x08008af2   0x00000000   Code   RO         7078    x$fpl$usenofp       fz_wm.l(usenofp.o)
    0x08008af2   0x08008af2   0x00000002   PAD
    0x08008af4   0x08008af4   0x000000d8   Data   RO          490    .constdata          main.o
    0x08008bcc   0x08008bcc   0x00000008   Data   RO         2001    .constdata          stm32f4xx_hal_dma.o
    0x08008bd4   0x08008bd4   0x00000010   Data   RO         4367    .constdata          system_stm32f4xx.o
    0x08008be4   0x08008be4   0x00000008   Data   RO         4368    .constdata          system_stm32f4xx.o
    0x08008bec   0x08008bec   0x000000a6   Data   RO          491    .conststring        main.o
    0x08008c92   0x08008c92   0x00000002   PAD
    0x08008c94   0x08008c94   0x00000020   Data   RO         7311    Region$$Table       anon$$obj.o
    0x08008cb4   0x08008cb4   0x00000110   Data   RO         7182    locale$$data        c_w.l(lc_ctype_c.o)


    Execution Region RW_IRAM2 (Exec base: 0x10000000, Load base: 0x08008ea4, Size: 0x00000000, Max: 0x00010000, ABSOLUTE)

    **** No section assigned to this execution region ****


    Execution Region RW_IRAM1 (Exec base: 0x20000000, Load base: 0x08008dc4, Size: 0x00006fa0, Max: 0x00030000, ABSOLUTE, COMPRESSED[0x000000e0])

    Exec Addr    Load Addr    Size         Type   Attr      Idx    E Section Name        Object

    0x20000000   COMPRESSED   0x00000080   Data   RW          493    .data               main.o
    0x20000080   COMPRESSED   0x0000000c   Data   RW         2466    .data               stm32f4xx_hal.o
    0x2000008c   COMPRESSED   0x00000004   Data   RW         4369    .data               system_stm32f4xx.o
    0x20000090   COMPRESSED   0x0000003c   Data   RW         5033    .data               tasks.o
    0x200000cc   COMPRESSED   0x00000014   Data   RW         5364    .data               timers.o
    0x200000e0   COMPRESSED   0x00000004   Data   RW         5589    .data               cmsis_os2.o
    0x200000e4   COMPRESSED   0x00000020   Data   RW         6035    .data               heap_4.o
    0x20000104   COMPRESSED   0x0000000c   Data   RW         6091    .data               port.o
    0x20000110   COMPRESSED   0x0000001c   Data   RW         6201    .data               usbd_desc.o
    0x2000012c   COMPRESSED   0x00000032   Data   RW         6202    .data               usbd_desc.o
    0x2000015e   COMPRESSED   0x00000002   PAD
    0x20000160   COMPRESSED   0x00000014   Data   RW         6285    .data               usbd_cdc_if.o
    0x20000174   COMPRESSED   0x00000001   Data   RW         6711    .data               usbd_ctlreq.o
    0x20000175   COMPRESSED   0x00000003   PAD
    0x20000178   COMPRESSED   0x00000053   Data   RW         6854    .data               usbd_cdc.o
    0x200001cb   COMPRESSED   0x00000001   PAD
    0x200001cc   COMPRESSED   0x00000038   Data   RW         6855    .data               usbd_cdc.o
    0x20000204        -       0x000001bc   Zero   RW          487    .bss                main.o
    0x200003c0        -       0x00000060   Zero   RW          488    .bss                main.o
    0x20000420        -       0x00000048   Zero   RW          854    .bss                stm32f4xx_hal_timebase_tim.o
    0x20000468        -       0x00000020   Zero   RW         1660    .bss                stm32f4xx_hal_flash.o
    0x20000488        -       0x00000040   Zero   RW         4608    .bss                queue.o
    0x200004c8        -       0x000004c4   Zero   RW         5032    .bss                tasks.o
    0x2000098c        -       0x00000118   Zero   RW         5363    .bss                timers.o
    0x20000aa4        -       0x000006b8   Zero   RW         5588    .bss                cmsis_os2.o
    0x2000115c        -       0x00003c00   Zero   RW         6034    .bss                heap_4.o
    0x20004d5c        -       0x000002dc   Zero   RW         6162    .bss                usb_device.o
    0x20005038        -       0x00000200   Zero   RW         6200    .bss                usbd_desc.o
    0x20005238        -       0x00001000   Zero   RW         6284    .bss                usbd_cdc_if.o
    0x20006238        -       0x00000704   Zero   RW         6366    .bss                usbd_conf.o
    0x2000693c        -       0x00000060   Zero   RW         7151    .bss                c_w.l(libspace.o)
    0x2000699c   COMPRESSED   0x00000004   PAD
    0x200069a0        -       0x00000200   Zero   RW            2    HEAP                startup_stm32f429xx.o
    0x20006ba0        -       0x00000400   Zero   RW            1    STACK               startup_stm32f429xx.o


==============================================================================

Image component sizes


      Code (inc. data)   RO Data    RW Data    ZI Data      Debug   Object Name

       592         28          0          4       1720      67710   cmsis_os2.o
         0          0          0          0          0     779340   dwin_transmit.o
         0          0          0          0          0      19612   event_groups.o
       472         24          0         32      15360       4947   heap_4.o
       138          0          0          0          0       3622   list.o
      2620        268        382        128        540      25374   main.o
       786         82          0         12          0      11585   port.o
      1514         20          0          0         64      17564   queue.o
         0          0          0          0          0       7619   r_h.o
        64         26        428          0       1536        852   startup_stm32f429xx.o
       116         18          0         12          0       8914   stm32f4xx_hal.o
       158         14          0          0          0      33098   stm32f4xx_hal_cortex.o
       752         16          8          0          0       4108   stm32f4xx_hal_dma.o
       540         66          0          0         32       6682   stm32f4xx_hal_flash.o
       388         24          0          0          0       4402   stm32f4xx_hal_flash_ex.o
       600         54          0          0          0       3552   stm32f4xx_hal_gpio.o
       584         66          0          0          0       3905   stm32f4xx_hal_msp.o
      2576         12          0          0          0      13664   stm32f4xx_hal_pcd.o
        78          0          0          0          0       2425   stm32f4xx_hal_pcd_ex.o
      1420         88          0          0          0       6433   stm32f4xx_hal_rcc.o
      1408         14          0          0          0       7019   stm32f4xx_hal_spi.o
      2192        148          0          0          0      19340   stm32f4xx_hal_tim.o
       232         28          0          0          0       3341   stm32f4xx_hal_tim_ex.o
       152         18          0          0         72       1499   stm32f4xx_hal_timebase_tim.o
       368         10          0          0          0       2064   stm32f4xx_hal_uart.o
        96         42          0          0          0       6208   stm32f4xx_it.o
      2700        116          0          0          0      23464   stm32f4xx_ll_usb.o
       534         42          0          0          0       7564   stm_tb6600.o
         0          0          0          0          0        472   stream_buffer.o
        16          4         24          4          0       1151   system_stm32f4xx.o
      3008        244          0         60       1220      32944   tasks.o
       972         80          0         20        280      32331   timers.o
        84         18          0          0        732        824   usb_device.o
      1278         36          0        139          0      14533   usbd_cdc.o
       164         32          0         20       4096       4119   usbd_cdc_if.o
       638         30          0          0       1796      17004   usbd_conf.o
       924          0          0          0          0      15619   usbd_core.o
      1354         28          0          1          0      15404   usbd_ctlreq.o
       288        104          0         78        512       6249   usbd_desc.o
       132          0          0          0          0       4576   usbd_ioreq.o

    ----------------------------------------------------------------------
     29990       1800        876        516      27960    1241133   Object Totals
         0          0         32          0          0          0   (incl. Generated)
        52          0          2          6          0          0   (incl. Padding)

    ----------------------------------------------------------------------

      Code (inc. data)   RO Data    RW Data    ZI Data      Debug   Library Member Name

        60          8          0          0          0         84   __0sscanf.o
        90          0          0          0          0          0   __dczerorl2.o
         8          0          0          0          0         68   __main.o
       104          0          0          0          0         84   __printf.o
         0          0          0          0          0          0   __rtentry.o
        12          0          0          0          0          0   __rtentry2.o
         6          0          0          0          0          0   __rtentry4.o
        52          8          0          0          0          0   __scatter.o
        28          0          0          0          0          0   __scatter_zi.o
        28          0          0          0          0         68   _chval.o
        48          6          0          0          0         96   _printf_char_common.o
         6          0          0          0          0          0   _printf_d.o
       120         16          0          0          0         92   _printf_dec.o
       178          0          0          0          0         88   _printf_intcommon.o
         0          0          0          0          0          0   _printf_percent.o
         4          0          0          0          0          0   _printf_percent_end.o
       884          4          0          0          0        100   _scanf.o
       332          0          0          0          0         96   _scanf_int.o
       224          0          0          0          0         96   _scanf_str.o
        64          0          0          0          0         84   _sgetc.o
        10          0          0          0          0         68   _sputc.o
        16          0          0          0          0         68   aeabi_memset.o
        18          0          0          0          0         80   exit.o
         6          0          0          0          0        152   heapauxi.o
         0          0          0          0          0          0   indicate_semi.o
        18          0          0          0          0         76   isspace.o
        44         10        272          0          0         76   lc_ctype_c.o
         2          0          0          0          0          0   libinit.o
        24          0          0          0          0          0   libinit2.o
         2          0          0          0          0          0   libshutdown.o
         2          0          0          0          0          0   libshutdown2.o
         8          4          0          0         96         68   libspace.o
       238          0          0          0          0        100   lludivv7m.o
        40          6          0          0          0         84   noretval__2sprintf.o
        16          4          0          0          0         76   rt_ctype_table.o
         8          4          0          0          0         68   rt_locale_intlibspace.o
        68          0          0          0          0         68   rt_memclr.o
        78          0          0          0          0         80   rt_memclr_w.o
       138          0          0          0          0         68   rt_memcpy_v6.o
       100          0          0          0          0         80   rt_memcpy_w.o
         2          0          0          0          0          0   rtexit.o
        10          0          0          0          0          0   rtexit2.o
        44          8          0          0          0         84   scanf_char.o
       128          0          0          0          0         68   strcmpv7m.o
        62          0          0          0          0         76   strlen.o
        12          4          0          0          0         68   sys_exit.o
        74          0          0          0          0         80   sys_stackheap_outer.o
         2          0          0          0          0         68   use_no_semi.o
        98          4          0          0          0        140   d2f.o
       688        140          0          0          0        256   ddiv.o
        90          4          0          0          0        140   dfixu.o
        84          0          0          0          0        232   dflt_clz.o
       340         12          0          0          0        152   dmul.o
       156          4          0          0          0        140   dnaninf.o
        12          0          0          0          0        116   dretinf.o
        86          4          0          0          0        132   f2d.o
       140          4          0          0          0        132   fnaninf.o
        10          0          0          0          0        116   fpinit.o
        10          0          0          0          0        116   fretinf.o
         0          0          0          0          0          0   usenofp.o

    ----------------------------------------------------------------------
      5154        254        272          0        100       4284   Library Totals
        22          0          0          0          4          0   (incl. Padding)

    ----------------------------------------------------------------------

      Code (inc. data)   RO Data    RW Data    ZI Data      Debug   Library Name

      3418         82        272          0         96       2612   c_w.l
      1714        172          0          0          0       1672   fz_wm.l

    ----------------------------------------------------------------------
      5154        254        272          0        100       4284   Library Totals

    ----------------------------------------------------------------------

==============================================================================


      Code (inc. data)   RO Data    RW Data    ZI Data      Debug   

     35144       2054       1148        516      28060    1209961   Grand Totals
     35144       2054       1148        224      28060    1209961   ELF Image Totals (compressed)
     35144       2054       1148        224          0          0   ROM Totals

==============================================================================

    Total RO  Size (Code + RO Data)                36292 (  35.44kB)
    Total RW  Size (RW Data + ZI Data)             28576 (  27.91kB)
    Total ROM Size (Code + RO Data + RW Data)      36516 (  35.66kB)

==============================================================================

